Component: ARM Compiler 5.05 update 1 (build 106) Tool: armlink [4d0efa]

==============================================================================

Section Cross References

    startup_stm32f407xx.o(STACK) refers (Special) to heapauxi.o(.text) for __use_two_region_memory
    startup_stm32f407xx.o(HEAP) refers (Special) to heapauxi.o(.text) for __use_two_region_memory
    startup_stm32f407xx.o(RESET) refers (Special) to heapauxi.o(.text) for __use_two_region_memory
    startup_stm32f407xx.o(RESET) refers to startup_stm32f407xx.o(STACK) for __initial_sp
    startup_stm32f407xx.o(RESET) refers to startup_stm32f407xx.o(.text) for Reset_Handler
    startup_stm32f407xx.o(RESET) refers to stm32f4xx_it.o(i.NMI_Handler) for NMI_Handler
    startup_stm32f407xx.o(RESET) refers to stm32f4xx_it.o(i.HardFault_Handler) for HardFault_Handler
    startup_stm32f407xx.o(RESET) refers to stm32f4xx_it.o(i.MemManage_Handler) for MemManage_Handler
    startup_stm32f407xx.o(RESET) refers to stm32f4xx_it.o(i.BusFault_Handler) for BusFault_Handler
    startup_stm32f407xx.o(RESET) refers to stm32f4xx_it.o(i.UsageFault_Handler) for UsageFault_Handler
    startup_stm32f407xx.o(RESET) refers to stm32f4xx_it.o(i.SVC_Handler) for SVC_Handler
    startup_stm32f407xx.o(RESET) refers to stm32f4xx_it.o(i.DebugMon_Handler) for DebugMon_Handler
    startup_stm32f407xx.o(RESET) refers to stm32f4xx_it.o(i.PendSV_Handler) for PendSV_Handler
    startup_stm32f407xx.o(RESET) refers to stm32f4xx_it.o(i.SysTick_Handler) for SysTick_Handler
    startup_stm32f407xx.o(RESET) refers to stm32f4xx_it.o(i.TIM1_UP_TIM10_IRQHandler) for TIM1_UP_TIM10_IRQHandler
    startup_stm32f407xx.o(RESET) refers to stm32f4xx_it.o(i.TIM3_IRQHandler) for TIM3_IRQHandler
    startup_stm32f407xx.o(RESET) refers to stm32f4xx_it.o(i.USART1_IRQHandler) for USART1_IRQHandler
    startup_stm32f407xx.o(RESET) refers to stm32f4xx_it.o(i.TIM8_UP_TIM13_IRQHandler) for TIM8_UP_TIM13_IRQHandler
    startup_stm32f407xx.o(.text) refers (Special) to heapauxi.o(.text) for __use_two_region_memory
    startup_stm32f407xx.o(.text) refers to system_stm32f4xx.o(i.SystemInit) for SystemInit
    startup_stm32f407xx.o(.text) refers to __main.o(!!!main) for __main
    startup_stm32f407xx.o(.text) refers to startup_stm32f407xx.o(HEAP) for Heap_Mem
    startup_stm32f407xx.o(.text) refers to startup_stm32f407xx.o(STACK) for Stack_Mem
    uartpack.o(i.Enable_Uart_E_Control) refers to stm32f4xx_hal_uart.o(i.HAL_UART_Receive_IT) for HAL_UART_Receive_IT
    uartpack.o(i.Enable_Uart_O_Control) refers to stm32f4xx_hal_uart.o(i.HAL_UART_Receive_IT) for HAL_UART_Receive_IT
    uartpack.o(i.Uart_E_Data_Process) refers to rt_memcpy_v6.o(.text) for __aeabi_memcpy
    uartpack.o(i.Uart_E_Data_Process) refers to stm32f4xx_hal_uart.o(i.HAL_UART_Receive_IT) for HAL_UART_Receive_IT
    uartpack.o(i.Uart_O_Data_Process) refers to stm32f4xx_hal.o(i.HAL_GetTick) for HAL_GetTick
    uartpack.o(i.Uart_O_Data_Process) refers to rt_memcpy_v6.o(.text) for __aeabi_memcpy
    uartpack.o(i.Uart_O_Data_Process) refers to stm32f4xx_hal_uart.o(i.HAL_UART_Receive_IT) for HAL_UART_Receive_IT
    uartpack.o(i.Uart_O_Timeout_Check) refers to stm32f4xx_hal.o(i.HAL_GetTick) for HAL_GetTick
    uartpack.o(i.Uart_O_Timeout_Check) refers to rt_memcpy_v6.o(.text) for __aeabi_memcpy
    uartpack.o(i.printft) refers to vsprintf.o(.text) for vsprintf
    uartpack.o(i.printft) refers to stm32f4xx_hal_uart.o(i.HAL_UART_Transmit_IT) for HAL_UART_Transmit_IT
    uartpack.o(i.printft) refers to uartpack.o(.bss) for .bss
    uartpack.o(i.printft) refers to uartpack.o(.data) for .data
    pid.o(i.PID_AngleCalc) refers to pid.o(i.PID_SingleCalc) for PID_SingleCalc
    pid.o(i.PID_SingleCalc) refers to f2d.o(x$fpl$f2d) for __aeabi_f2d
    pid.o(i.PID_SingleCalc) refers to abs.o(.text) for abs
    pid.o(i.PID_SingleCalc) refers to drleqf.o(x$fpl$drleqf) for __aeabi_cdrcmple
    pid.o(i.PID_SingleCalc) refers to pid.o(.data) for .data
    motor.o(i.Angle_Test1) refers to pid.o(i.PID_AngleCalc) for PID_AngleCalc
    motor.o(i.Angle_Test1) refers to stm32f4xx_hal_gpio.o(i.HAL_GPIO_WritePin) for HAL_GPIO_WritePin
    motor.o(i.Angle_Test1) refers to motor.o(.bss) for .bss
    motor.o(i.Angle_Test1) refers to tim.o(.bss) for htim8
    motor.o(i.HAL_TIM_PeriodElapsedCallback) refers to _printf_percent.o(.ARM.Collect$$_printf_percent$$00000000) for _printf_percent
    motor.o(i.HAL_TIM_PeriodElapsedCallback) refers to _printf_f.o(.ARM.Collect$$_printf_percent$$00000003) for _printf_f
    motor.o(i.HAL_TIM_PeriodElapsedCallback) refers to printf1.o(x$fpl$printf1) for _printf_fp_dec
    motor.o(i.HAL_TIM_PeriodElapsedCallback) refers to scanf1.o(x$fpl$scanf1) for _scanf_real
    motor.o(i.HAL_TIM_PeriodElapsedCallback) refers to uartpack.o(i.Uart_O_Timeout_Check) for Uart_O_Timeout_Check
    motor.o(i.HAL_TIM_PeriodElapsedCallback) refers to f2d.o(x$fpl$f2d) for __aeabi_f2d
[...]
    x$fpl$fpinit                             0x0800568a   Section       10  fpinit.o(x$fpl$fpinit)
    $v0                                      0x0800568a   Number         0  fpinit.o(x$fpl$fpinit)
    x$fpl$fretinf                            0x08005694   Section       10  fretinf.o(x$fpl$fretinf)
    $v0                                      0x08005694   Number         0  fretinf.o(x$fpl$fretinf)
    x$fpl$printf1                            0x0800569e   Section        4  printf1.o(x$fpl$printf1)
    $v0                                      0x0800569e   Number         0  printf1.o(x$fpl$printf1)
    x$fpl$retnan                             0x080056a2   Section      100  retnan.o(x$fpl$retnan)
    $v0                                      0x080056a2   Number         0  retnan.o(x$fpl$retnan)
    x$fpl$scalbn                             0x08005706   Section       92  scalbn.o(x$fpl$scalbn)
    $v0                                      0x08005706   Number         0  scalbn.o(x$fpl$scalbn)
    x$fpl$scanf1                             0x08005762   Section        4  scanf1.o(x$fpl$scanf1)
    $v0                                      0x08005762   Number         0  scanf1.o(x$fpl$scanf1)
    x$fpl$scanf2                             0x08005766   Section        8  scanf2.o(x$fpl$scanf2)
    $v0                                      0x08005766   Number         0  scanf2.o(x$fpl$scanf2)
    x$fpl$trapveneer                         0x0800576e   Section       48  trapv.o(x$fpl$trapveneer)
    $v0                                      0x0800576e   Number         0  trapv.o(x$fpl$trapveneer)
    .constdata                               0x0800579e   Section       16  system_stm32f4xx.o(.constdata)
    x$fpl$usenofp                            0x0800579e   Section        0  usenofp.o(x$fpl$usenofp)
    .constdata                               0x080057ae   Section        8  system_stm32f4xx.o(.constdata)
    .constdata                               0x080057b6   Section       17  __printf_flags_ss_wp.o(.constdata)
    maptable                                 0x080057b6   Data          17  __printf_flags_ss_wp.o(.constdata)
    .constdata                               0x080057c8   Section      148  bigflt0.o(.constdata)
    tenpwrs_x                                0x080057c8   Data          60  bigflt0.o(.constdata)
    tenpwrs_i                                0x08005804   Data          64  bigflt0.o(.constdata)
    .constdata                               0x0800585c   Section        4  sys_io.o(.constdata)
    .constdata                               0x08005860   Section        4  sys_io.o(.constdata)
    .constdata                               0x08005864   Section        4  sys_io.o(.constdata)
    c$$dinf                                  0x08005888   Section        8  fpconst.o(c$$dinf)
    locale$$data                             0x08005890   Section       28  lc_numeric_c.o(locale$$data)
    __lcnum_c_name                           0x08005894   Data           2  lc_numeric_c.o(locale$$data)
    __lcnum_c_start                          0x0800589c   Data           0  lc_numeric_c.o(locale$$data)
    __lcnum_c_point                          0x080058a8   Data           0  lc_numeric_c.o(locale$$data)
    __lcnum_c_thousands                      0x080058aa   Data           0  lc_numeric_c.o(locale$$data)
    __lcnum_c_grouping                       0x080058ab   Data           0  lc_numeric_c.o(locale$$data)
    locale$$data                             0x080058ac   Section      272  lc_ctype_c.o(locale$$data)
    __lcnum_c_end                            0x080058ac   Data           0  lc_numeric_c.o(locale$$data)
    __lcctype_c_name                         0x080058b0   Data           2  lc_ctype_c.o(locale$$data)
    __lcctype_c_start                        0x080058b8   Data           0  lc_ctype_c.o(locale$$data)
    __lcctype_c_end                          0x080059bc   Data           0  lc_ctype_c.o(locale$$data)
    .data                                    0x20000000   Section        2  pid.o(.data)
    inl_index                                0x20000000   Data           2  pid.o(.data)
    .data                                    0x20000004   Section       44  motor.o(.data)
    index                                    0x20000004   Data           1  motor.o(.data)
    kp                                       0x20000008   Data           4  motor.o(.data)
    tspeed                                   0x2000000c   Data           4  motor.o(.data)
    ki                                       0x20000010   Data           4  motor.o(.data)
    kd                                       0x20000014   Data           4  motor.o(.data)
    kp2                                      0x20000018   Data           4  motor.o(.data)
    tspeed2                                  0x2000001c   Data           4  motor.o(.data)
    ki2                                      0x20000020   Data           4  motor.o(.data)
    kd2                                      0x20000024   Data           4  motor.o(.data)
    output1                                  0x20000028   Data           4  motor.o(.data)
    output2                                  0x2000002c   Data           4  motor.o(.data)
    .data                                    0x20000030   Section       12  stm32f4xx_hal.o(.data)
    .data                                    0x2000003c   Section        4  system_stm32f4xx.o(.data)
    .data                                    0x20000040   Section        4  stdio_streams.o(.data)
    .data                                    0x20000044   Section        4  stdio_streams.o(.data)
    .data                                    0x20000048   Section        4  stdio_streams.o(.data)
    .bss                                     0x2000004c   Section      224  motor.o(.bss)
    .bss                                     0x2000012c   Section      272  main.o(.bss)
    .bss                                     0x2000023c   Section      288  tim.o(.bss)
    .bss                                     0x2000035c   Section       68  usart.o(.bss)
    .bss                                     0x200003a0   Section       84  stdio_streams.o(.bss)
    .bss                                     0x200003f4   Section       84  stdio_streams.o(.bss)
    .bss                                     0x20000448   Section       84  stdio_streams.o(.bss)
    .bss                                     0x2000049c   Section       96  libspace.o(.bss)
    HEAP                                     0x20000500   Section      512  startup_stm32f407xx.o(HEAP)
    Heap_Mem                                 0x20000500   Data         512  startup_stm32f407xx.o(HEAP)
    STACK                                    0x20000700   Section     1024  startup_stm32f407xx.o(STACK)
    Stack_Mem                                0x20000700   Data        1024  startup_stm32f407xx.o(STACK)
    __initial_sp                             0x20000b00   Data           0  startup_stm32f407xx.o(STACK)

    Global Symbols

    Symbol Name                              Value     Ov Type        Size  Object(Section)

    BuildAttributes$$THM_ISAv4$E$P$D$K$B$S$7EM$VFPi3$EXTD16$VFPS$VFMA$PE$A:L22UL41UL21$X:L11$S22US41US21$IEEE1$IW$USESV6$~STKCKD$USESV7$~SHL$OTIME$ROPI$IEEEX$EBA8$UX$STANDARDLIB$REQ8$PRES8$EABIv2 0x00000000   Number         0  anon$$obj.o ABSOLUTE
    __ARM_use_no_argv                        0x00000000   Number         0  main.o ABSOLUTE
    _printf_flags                            0x00000000   Number         0  printf_stubs.o ABSOLUTE
    _printf_return_value                     0x00000000   Number         0  printf_stubs.o ABSOLUTE
    _printf_sizespec                         0x00000000   Number         0  printf_stubs.o ABSOLUTE
    _printf_widthprec                        0x00000000   Number         0  printf_stubs.o ABSOLUTE
    __ARM_exceptions_init                     - Undefined Weak Reference
    __alloca_initialize                       - Undefined Weak Reference
    __arm_preinit_                            - Undefined Weak Reference
    __cpp_initialize__aeabi_                  - Undefined Weak Reference
    __cxa_finalize                            - Undefined Weak Reference
    __sigvec_lookup                           - Undefined Weak Reference
    __user_heap_extent                        - Undefined Weak Reference
    _atexit_init                              - Undefined Weak Reference
    _call_atexit_fns                          - Undefined Weak Reference
    _clock_init                               - Undefined Weak Reference
    _fp_trap_init                             - Undefined Weak Reference
    _fp_trap_shutdown                         - Undefined Weak Reference
    _get_lc_collate                           - Undefined Weak Reference
    _get_lc_monetary                          - Undefined Weak Reference
    _get_lc_time                              - Undefined Weak Reference
    _getenv_init                              - Undefined Weak Reference
    _handle_redirection                       - Undefined Weak Reference
    _mutex_acquire                            - Undefined Weak Reference
    _mutex_free                               - Undefined Weak Reference
    _mutex_release                            - Undefined Weak Reference
    _printf_mbtowc                            - Undefined Weak Reference
    _printf_wc                                - Undefined Weak Reference
    _rand_init                                - Undefined Weak Reference
    _scanf_int                                - Undefined Weak Reference
    _scanf_longlong                           - Undefined Weak Reference
    _scanf_mbtowc                             - Undefined Weak Reference
    _scanf_string                             - Undefined Weak Reference
    _scanf_wctomb                             - Undefined Weak Reference
    _scanf_wstring                            - Undefined Weak Reference
    _signal_finish                            - Undefined Weak Reference
    _signal_init                              - Undefined Weak Reference
    __Vectors_Size                           0x00000188   Number         0  startup_stm32f407xx.o ABSOLUTE
    __Vectors                                0x08000000   Data           4  startup_stm32f407xx.o(RESET)
    __Vectors_End                            0x08000188   Data           0  startup_stm32f407xx.o(RESET)
    __main                                   0x08000189   Thumb Code     8  __main.o(!!!main)
    __scatterload                            0x08000191   Thumb Code     0  __scatter.o(!!!scatter)
    __scatterload_rt2                        0x08000191   Thumb Code    44  __scatter.o(!!!scatter)
    __scatterload_rt2_thumb_only             0x08000191   Thumb Code     0  __scatter.o(!!!scatter)
    __scatterload_null                       0x0800019f   Thumb Code     0  __scatter.o(!!!scatter)
    __scatterload_copy                       0x080001c5   Thumb Code    26  __scatter_copy.o(!!handler_copy)
    __scatterload_zeroinit                   0x080001e1   Thumb Code    28  __scatter_zi.o(!!handler_zi)
    _printf_f                                0x080001fd   Thumb Code     0  _printf_f.o(.ARM.Collect$$_printf_percent$$00000003)
    _printf_percent                          0x080001fd   Thumb Code     0  _printf_percent.o(.ARM.Collect$$_printf_percent$$00000000)
    _printf_percent_end                      0x08000203   Thumb Code     0  _printf_percent_end.o(.ARM.Collect$$_printf_percent$$00000017)
    __rt_lib_init                            0x08000207   Thumb Code     0  libinit.o(.ARM.Collect$$libinit$$00000000)
    __rt_lib_init_fp_1                       0x08000209   Thumb Code     0  libinit2.o(.ARM.Collect$$libinit$$00000001)
    __rt_lib_init_heap_2                     0x0800020d   Thumb Code     0  libinit2.o(.ARM.Collect$$libinit$$00000005)
    __rt_lib_init_preinit_1                  0x0800020d   Thumb Code     0  libinit2.o(.ARM.Collect$$libinit$$00000004)
    __rt_lib_init_heap_1                     0x08000215   Thumb Code     0  libinit2.o(.ARM.Collect$$libinit$$0000000A)
    __rt_lib_init_lc_common                  0x08000215   Thumb Code     0  libinit2.o(.ARM.Collect$$libinit$$0000000F)
    __rt_lib_init_rand_1                     0x08000215   Thumb Code     0  libinit2.o(.ARM.Collect$$libinit$$0000000E)
    __rt_lib_init_user_alloc_1               0x08000215   Thumb Code     0  libinit2.o(.ARM.Collect$$libinit$$0000000C)
    __rt_lib_init_lc_collate_1               0x0800021b   Thumb Code     0  libinit2.o(.ARM.Collect$$libinit$$00000011)
    __rt_lib_init_lc_ctype_2                 0x0800021b   Thumb Code     0  libinit2.o(.ARM.Collect$$libinit$$00000012)
    __rt_lib_init_lc_ctype_1                 0x08000227   Thumb Code     0  libinit2.o(.ARM.Collect$$libinit$$00000013)
    __rt_lib_init_lc_monetary_1              0x08000227   Thumb Code     0  libinit2.o(.ARM.Collect$$libinit$$00000015)
    __rt_lib_init_lc_numeric_2               0x08000227   Thumb Code     0  libinit2.o(.ARM.Collect$$libinit$$00000016)
    __rt_lib_init_atexit_1                   0x08000231   Thumb Code     0  libinit2.o(.ARM.Collect$$libinit$$0000001B)
    __rt_lib_init_clock_1                    0x08000231   Thumb Code     0  libinit2.o(.ARM.Collect$$libinit$$00000021)
    __rt_lib_init_fp_trap_1                  0x08000231   Thumb Code     0  libinit2.o(.ARM.Collect$$libinit$$0000001F)
    __rt_lib_init_getenv_1                   0x08000231   Thumb Code     0  libinit2.o(.ARM.Collect$$libinit$$00000023)
    __rt_lib_init_lc_numeric_1               0x08000231   Thumb Code     0  libinit2.o(.ARM.Collect$$libinit$$00000017)
    __rt_lib_init_lc_time_1                  0x08000231   Thumb Code     0  libinit2.o(.ARM.Collect$$libinit$$00000019)
    __rt_lib_init_signal_1                   0x08000231   Thumb Code     0  libinit2.o(.ARM.Collect$$libinit$$0000001D)
    __rt_lib_init_stdio_2                    0x08000231   Thumb Code     0  libinit2.o(.ARM.Collect$$libinit$$00000024)
    __rt_lib_init_alloca_1                   0x08000235   Thumb Code     0  libinit2.o(.ARM.Collect$$libinit$$0000002E)
    __rt_lib_init_argv_1                     0x08000235   Thumb Code     0  libinit2.o(.ARM.Collect$$libinit$$0000002C)
    __rt_lib_init_cpp_1                      0x08000235   Thumb Code     0  libinit2.o(.ARM.Collect$$libinit$$00000032)
    __rt_lib_init_exceptions_1               0x08000235   Thumb Code     0  libinit2.o(.ARM.Collect$$libinit$$00000030)
    __rt_lib_init_return                     0x08000235   Thumb Code     0  libinit2.o(.ARM.Collect$$libinit$$00000033)
    __rt_lib_init_stdio_1                    0x08000235   Thumb Code     0  libinit2.o(.ARM.Collect$$libinit$$00000025)
    __rt_lib_shutdown                        0x08000237   Thumb Code     0  libshutdown.o(.ARM.Collect$$libshutdown$$00000000)
    __rt_lib_shutdown_stdio_2                0x08000239   Thumb Code     0  libshutdown2.o(.ARM.Collect$$libshutdown$$00000002)
    __rt_lib_shutdown_fp_trap_1              0x0800023d   Thumb Code     0  libshutdown2.o(.ARM.Collect$$libshutdown$$00000006)
    __rt_lib_shutdown_heap_1                 0x0800023d   Thumb Code     0  libshutdown2.o(.ARM.Collect$$libshutdown$$0000000E)
    __rt_lib_shutdown_return                 0x0800023d   Thumb Code     0  libshutdown2.o(.ARM.Collect$$libshutdown$$0000000F)
    __rt_lib_shutdown_signal_1               0x0800023d   Thumb Code     0  libshutdown2.o(.ARM.Collect$$libshutdown$$00000009)
    __rt_lib_shutdown_stdio_1                0x0800023d   Thumb Code     0  libshutdown2.o(.ARM.Collect$$libshutdown$$00000003)
    __rt_lib_shutdown_user_alloc_1           0x0800023d   Thumb Code     0  libshutdown2.o(.ARM.Collect$$libshutdown$$0000000B)
    __rt_entry                               0x0800023f   Thumb Code     0  __rtentry.o(.ARM.Collect$$rtentry$$00000000)
    __rt_entry_presh_1                       0x0800023f   Thumb Code     0  __rtentry2.o(.ARM.Collect$$rtentry$$00000002)
    __rt_entry_sh                            0x0800023f   Thumb Code     0  __rtentry4.o(.ARM.Collect$$rtentry$$00000004)
    __rt_entry_li                            0x08000245   Thumb Code     0  __rtentry2.o(.ARM.Collect$$rtentry$$0000000A)
    __rt_entry_postsh_1                      0x08000245   Thumb Code     0  __rtentry2.o(.ARM.Collect$$rtentry$$00000009)
    __rt_entry_main                          0x08000249   Thumb Code     0  __rtentry2.o(.ARM.Collect$$rtentry$$0000000D)
    __rt_entry_postli_1                      0x08000249   Thumb Code     0  __rtentry2.o(.ARM.Collect$$rtentry$$0000000C)
    __rt_exit                                0x08000251   Thumb Code     0  rtexit.o(.ARM.Collect$$rtexit$$00000000)
    __rt_exit_ls                             0x08000253   Thumb Code     0  rtexit2.o(.ARM.Collect$$rtexit$$00000003)
    __rt_exit_prels_1                        0x08000253   Thumb Code     0  rtexit2.o(.ARM.Collect$$rtexit$$00000002)
    __rt_exit_exit                           0x08000257   Thumb Code     0  rtexit2.o(.ARM.Collect$$rtexit$$00000004)
    Reset_Handler                            0x0800025d   Thumb Code     8  startup_stm32f407xx.o(.text)
    _maybe_terminate_alloc                   0x0800025d   Thumb Code     0  maybetermalloc1.o(.emb_text)
    ADC_IRQHandler                           0x08000277   Thumb Code     0  startup_stm32f407xx.o(.text)
    CAN1_RX0_IRQHandler                      0x08000277   Thumb Code     0  startup_stm32f407xx.o(.text)
    CAN1_RX1_IRQHandler                      0x08000277   Thumb Code     0  startup_stm32f407xx.o(.text)
    CAN1_SCE_IRQHandler                      0x08000277   Thumb Code     0  startup_stm32f407xx.o(.text)
    CAN1_TX_IRQHandler                       0x08000277   Thumb Code     0  startup_stm32f407xx.o(.text)
    CAN2_RX0_IRQHandler                      0x08000277   Thumb Code     0  startup_stm32f407xx.o(.text)
    CAN2_RX1_IRQHandler                      0x08000277   Thumb Code     0  startup_stm32f407xx.o(.text)
    CAN2_SCE_IRQHandler                      0x08000277   Thumb Code     0  startup_stm32f407xx.o(.text)
    CAN2_TX_IRQHandler                       0x08000277   Thumb Code     0  startup_stm32f407xx.o(.text)
    DCMI_IRQHandler                          0x08000277   Thumb Code     0  startup_stm32f407xx.o(.text)
    DMA1_Stream0_IRQHandler                  0x08000277   Thumb Code     0  startup_stm32f407xx.o(.text)
    DMA1_Stream1_IRQHandler                  0x08000277   Thumb Code     0  startup_stm32f407xx.o(.text)
    DMA1_Stream2_IRQHandler                  0x08000277   Thumb Code     0  startup_stm32f407xx.o(.text)
    DMA1_Stream3_IRQHandler                  0x08000277   Thumb Code     0  startup_stm32f407xx.o(.text)
    DMA1_Stream4_IRQHandler                  0x08000277   Thumb Code     0  startup_stm32f407xx.o(.text)
    DMA1_Stream5_IRQHandler                  0x08000277   Thumb Code     0  startup_stm32f407xx.o(.text)
    DMA1_Stream6_IRQHandler                  0x08000277   Thumb Code     0  startup_stm32f407xx.o(.text)
    DMA1_Stream7_IRQHandler                  0x08000277   Thumb Code     0  startup_stm32f407xx.o(.text)
    DMA2_Stream0_IRQHandler                  0x08000277   Thumb Code     0  startup_stm32f407xx.o(.text)
    DMA2_Stream1_IRQHandler                  0x08000277   Thumb Code     0  startup_stm32f407xx.o(.text)
    DMA2_Stream2_IRQHandler                  0x08000277   Thumb Code     0  startup_stm32f407xx.o(.text)
    DMA2_Stream3_IRQHandler                  0x08000277   Thumb Code     0  startup_stm32f407xx.o(.text)
    DMA2_Stream4_IRQHandler                  0x08000277   Thumb Code     0  startup_stm32f407xx.o(.text)
    DMA2_Stream5_IRQHandler                  0x08000277   Thumb Code     0  startup_stm32f407xx.o(.text)
    DMA2_Stream6_IRQHandler                  0x08000277   Thumb Code     0  startup_stm32f407xx.o(.text)
    DMA2_Stream7_IRQHandler                  0x08000277   Thumb Code     0  startup_stm32f407xx.o(.text)
    ETH_IRQHandler                           0x08000277   Thumb Code     0  startup_stm32f407xx.o(.text)
    ETH_WKUP_IRQHandler                      0x08000277   Thumb Code     0  startup_stm32f407xx.o(.text)
    EXTI0_IRQHandler                         0x08000277   Thumb Code     0  startup_stm32f407xx.o(.text)
    EXTI15_10_IRQHandler                     0x08000277   Thumb Code     0  startup_stm32f407xx.o(.text)
    EXTI1_IRQHandler                         0x08000277   Thumb Code     0  startup_stm32f407xx.o(.text)
    EXTI2_IRQHandler                         0x08000277   Thumb Code     0  startup_stm32f407xx.o(.text)
    EXTI3_IRQHandler                         0x08000277   Thumb Code     0  startup_stm32f407xx.o(.text)
    EXTI4_IRQHandler                         0x08000277   Thumb Code     0  startup_stm32f407xx.o(.text)
    EXTI9_5_IRQHandler                       0x08000277   Thumb Code     0  startup_stm32f407xx.o(.text)
    FLASH_IRQHandler                         0x08000277   Thumb Code     0  startup_stm32f407xx.o(.text)
    FMC_IRQHandler                           0x08000277   Thumb Code     0  startup_stm32f407xx.o(.text)
    FPU_IRQHandler                           0x08000277   Thumb Code     0  startup_stm32f407xx.o(.text)
    HASH_RNG_IRQHandler                      0x08000277   Thumb Code     0  startup_stm32f407xx.o(.text)
    I2C1_ER_IRQHandler                       0x08000277   Thumb Code     0  startup_stm32f407xx.o(.text)
    I2C1_EV_IRQHandler                       0x08000277   Thumb Code     0  startup_stm32f407xx.o(.text)
    I2C2_ER_IRQHandler                       0x08000277   Thumb Code     0  startup_stm32f407xx.o(.text)
    I2C2_EV_IRQHandler                       0x08000277   Thumb Code     0  startup_stm32f407xx.o(.text)
    I2C3_ER_IRQHandler                       0x08000277   Thumb Code     0  startup_stm32f407xx.o(.text)
    I2C3_EV_IRQHandler                       0x08000277   Thumb Code     0  startup_stm32f407xx.o(.text)
    OTG_FS_IRQHandler                        0x08000277   Thumb Code     0  startup_stm32f407xx.o(.text)
    OTG_FS_WKUP_IRQHandler                   0x08000277   Thumb Code     0  startup_stm32f407xx.o(.text)
    OTG_HS_EP1_IN_IRQHandler                 0x08000277   Thumb Code     0  startup_stm32f407xx.o(.text)
    OTG_HS_EP1_OUT_IRQHandler                0x08000277   Thumb Code     0  startup_stm32f407xx.o(.text)
    OTG_HS_IRQHandler                        0x08000277   Thumb Code     0  startup_stm32f407xx.o(.text)
    OTG_HS_WKUP_IRQHandler                   0x08000277   Thumb Code     0  startup_stm32f407xx.o(.text)
    PVD_IRQHandler                           0x08000277   Thumb Code     0  startup_stm32f407xx.o(.text)
    RCC_IRQHandler                           0x08000277   Thumb Code     0  startup_stm32f407xx.o(.text)
    RTC_Alarm_IRQHandler                     0x08000277   Thumb Code     0  startup_stm32f407xx.o(.text)
    RTC_WKUP_IRQHandler                      0x08000277   Thumb Code     0  startup_stm32f407xx.o(.text)
    SDIO_IRQHandler                          0x08000277   Thumb Code     0  startup_stm32f407xx.o(.text)
    SPI1_IRQHandler                          0x08000277   Thumb Code     0  startup_stm32f407xx.o(.text)
    SPI2_IRQHandler                          0x08000277   Thumb Code     0  startup_stm32f407xx.o(.text)
    SPI3_IRQHandler                          0x08000277   Thumb Code     0  startup_stm32f407xx.o(.text)
    TAMP_STAMP_IRQHandler                    0x08000277   Thumb Code     0  startup_stm32f407xx.o(.text)
    TIM1_BRK_TIM9_IRQHandler                 0x08000277   Thumb Code     0  startup_stm32f407xx.o(.text)
    TIM1_CC_IRQHandler                       0x08000277   Thumb Code     0  startup_stm32f407xx.o(.text)
    TIM1_TRG_COM_TIM11_IRQHandler            0x08000277   Thumb Code     0  startup_stm32f407xx.o(.text)
    TIM2_IRQHandler                          0x08000277   Thumb Code     0  startup_stm32f407xx.o(.text)
    TIM4_IRQHandler                          0x08000277   Thumb Code     0  startup_stm32f407xx.o(.text)
    TIM5_IRQHandler                          0x08000277   Thumb Code     0  startup_stm32f407xx.o(.text)
    TIM6_DAC_IRQHandler                      0x08000277   Thumb Code     0  startup_stm32f407xx.o(.text)
    TIM7_IRQHandler                          0x08000277   Thumb Code     0  startup_stm32f407xx.o(.text)
    TIM8_BRK_TIM12_IRQHandler                0x08000277   Thumb Code     0  startup_stm32f407xx.o(.text)
    TIM8_CC_IRQHandler                       0x08000277   Thumb Code     0  startup_stm32f407xx.o(.text)
    TIM8_TRG_COM_TIM14_IRQHandler            0x08000277   Thumb Code     0  startup_stm32f407xx.o(.text)
    UART4_IRQHandler                         0x08000277   Thumb Code     0  startup_stm32f407xx.o(.text)
    UART5_IRQHandler                         0x08000277   Thumb Code     0  startup_stm32f407xx.o(.text)
    USART2_IRQHandler                        0x08000277   Thumb Code     0  startup_stm32f407xx.o(.text)
    USART3_IRQHandler                        0x08000277   Thumb Code     0  startup_stm32f407xx.o(.text)
    USART6_IRQHandler                        0x08000277   Thumb Code     0  startup_stm32f407xx.o(.text)
    WWDG_IRQHandler                          0x08000277   Thumb Code     0  startup_stm32f407xx.o(.text)
    __user_initial_stackheap                 0x08000279   Thumb Code     0  startup_stm32f407xx.o(.text)
    __aeabi_uldivmod                         0x0800029d   Thumb Code     0  lludivv7m.o(.text)
    _ll_udiv                                 0x0800029d   Thumb Code   238  lludivv7m.o(.text)
    __2printf                                0x0800038d   Thumb Code    20  __2printf.o(.text)
    __printf                                 0x080003a5   Thumb Code   388  __printf_flags_ss_wp.o(.text)
    __0sscanf                                0x0800052d   Thumb Code    52  __0sscanf.o(.text)
    abs                                      0x08000569   Thumb Code     8  abs.o(.text)
    __aeabi_memcpy                           0x08000571   Thumb Code     0  rt_memcpy_v6.o(.text)
    __rt_memcpy                              0x08000571   Thumb Code   138  rt_memcpy_v6.o(.text)
    _memcpy_lastbytes                        0x080005d7   Thumb Code     0  rt_memcpy_v6.o(.text)
    __aeabi_memclr4                          0x080005fb   Thumb Code     0  rt_memclr_w.o(.text)
    __aeabi_memclr8                          0x080005fb   Thumb Code     0  rt_memclr_w.o(.text)
    __rt_memclr_w                            0x080005fb   Thumb Code    78  rt_memclr_w.o(.text)
    _memset_w                                0x080005ff   Thumb Code     0  rt_memclr_w.o(.text)
    __use_two_region_memory                  0x08000649   Thumb Code     2  heapauxi.o(.text)
    __rt_heap_escrow                         0x0800064b   Thumb Code     2  heapauxi.o(.text)
    __rt_heap_expand                         0x0800064d   Thumb Code     2  heapauxi.o(.text)
    __read_errno                             0x0800064f   Thumb Code    10  _rserrno.o(.text)
    __set_errno                              0x08000659   Thumb Code    12  _rserrno.o(.text)
    __lib_sel_fp_printf                      0x08000665   Thumb Code     2  _printf_fp_dec.o(.text)
    _printf_fp_dec_real                      0x08000813   Thumb Code   620  _printf_fp_dec.o(.text)
    _printf_char_common                      0x08000a8b   Thumb Code    32  _printf_char_common.o(.text)
    _printf_char_file                        0x08000ab1   Thumb Code    32  _printf_char_file.o(.text)
    _scanf_really_real                       0x08000cd1   Thumb Code   668  scanf_fp.o(.text)
    __vfscanf_char                           0x08000f85   Thumb Code    24  scanf_char.o(.text)
    _sgetc                                   0x08000fa5   Thumb Code    30  _sgetc.o(.text)
    _sbackspace                              0x08000fc3   Thumb Code    34  _sgetc.o(.text)
    __aeabi_memcpy4                          0x08000fe5   Thumb Code     0  rt_memcpy_w.o(.text)
    __aeabi_memcpy8                          0x08000fe5   Thumb Code     0  rt_memcpy_w.o(.text)
    __rt_memcpy_w                            0x08000fe5   Thumb Code   100  rt_memcpy_w.o(.text)
    _memcpy_lastbytes_aligned                0x0800102d   Thumb Code     0  rt_memcpy_w.o(.text)
    __rt_locale                              0x08001049   Thumb Code     8  rt_locale_intlibspace.o(.text)
    __aeabi_errno_addr                       0x08001051   Thumb Code     8  rt_errno_addr_intlibspace.o(.text)
    __errno$intlibspace                      0x08001051   Thumb Code     0  rt_errno_addr_intlibspace.o(.text)
    __rt_errno_addr$intlibspace              0x08001051   Thumb Code     0  rt_errno_addr_intlibspace.o(.text)
    _ll_udiv10                               0x08001059   Thumb Code   138  lludiv10.o(.text)
    isspace                                  0x080010e3   Thumb Code    18  isspace.o(.text)
    _printf_fp_infnan                        0x080010f5   Thumb Code   112  _printf_fp_infnan.o(.text)
    __vfscanf                                0x08001175   Thumb Code   878  _scanf.o(.text)
    _btod_etento                             0x080014e9   Thumb Code   216  bigflt0.o(.text)
    ferror                                   0x080015c5   Thumb Code     8  ferror.o(.text)
    _initio                                  0x080015cd   Thumb Code   210  initio.o(.text)
    _terminateio                             0x0800169f   Thumb Code    56  initio.o(.text)
    _sys_open                                0x08001705   Thumb Code    20  sys_io.o(.text)
    _sys_close                               0x08001719   Thumb Code    12  sys_io.o(.text)
    _sys_write                               0x08001725   Thumb Code    16  sys_io.o(.text)
    _sys_read                                0x08001735   Thumb Code    14  sys_io.o(.text)
    _sys_istty                               0x08001743   Thumb Code    12  sys_io.o(.text)
    _sys_seek                                0x0800174f   Thumb Code    14  sys_io.o(.text)
    _sys_ensure                              0x0800175d   Thumb Code     2  sys_io.o(.text)
    _sys_flen                                0x0800175f   Thumb Code    12  sys_io.o(.text)
    __user_libspace                          0x0800176d   Thumb Code     8  libspace.o(.text)
    __user_perproc_libspace                  0x0800176d   Thumb Code     0  libspace.o(.text)
    __user_perthread_libspace                0x0800176d   Thumb Code     0  libspace.o(.text)
    __user_setup_stackheap                   0x08001775   Thumb Code    74  sys_stackheap_outer.o(.text)
    __rt_ctype_table                         0x080017c1   Thumb Code    16  rt_ctype_table.o(.text)
    free                                     0x080017d1   Thumb Code    78  h1_free.o(.text)
    _scanf_really_hex_real                   0x08001821   Thumb Code   778  scanf_hexfp.o(.text)
    _scanf_really_infnan                     0x08001b39   Thumb Code   292  scanf_infnan.o(.text)
    setvbuf                                  0x08001c6d   Thumb Code    70  setvbuf.o(.text)
    freopen                                  0x08001cb5   Thumb Code   158  fopen.o(.text)
    fopen                                    0x08001d53   Thumb Code    74  fopen.o(.text)
    _fclose_internal                         0x08001da1   Thumb Code    76  fclose.o(.text)
    fclose                                   0x08001da1   Thumb Code     0  fclose.o(.text)
    exit                                     0x08001ded   Thumb Code    12  exit.o(.text)
    __rt_SIGRTRED                            0x08001df9   Thumb Code    14  defsig_rtred_outer.o(.text)
    strcmp                                   0x08001e09   Thumb Code   128  strcmpv7m.o(.text)
    __I$use$semihosting                      0x08001e89   Thumb Code     0  use_no_semi.o(.text)
    __use_no_semihosting_swi                 0x08001e89   Thumb Code     2  use_no_semi.o(.text)
    __semihosting_library_function           0x08001e8b   Thumb Code     0  indicate_semi.o(.text)
    __rt_heap_descriptor                     0x08001e8d   Thumb Code     8  rt_heap_descriptor_intlibspace.o(.text)
    __use_no_heap                            0x08001e95   Thumb Code     2  hguard.o(.text)
    __heap$guard                             0x08001e97   Thumb Code     2  hguard.o(.text)
    _terminate_user_alloc                    0x08001e99   Thumb Code     2  init_alloc.o(.text)
    _init_user_alloc                         0x08001e9b   Thumb Code     2  init_alloc.o(.text)
    __Heap_Full                              0x08001e9d   Thumb Code    34  init_alloc.o(.text)
    __Heap_Broken                            0x08001ebf   Thumb Code     6  init_alloc.o(.text)
    _init_alloc                              0x08001ec5   Thumb Code    94  init_alloc.o(.text)
    malloc                                   0x08001f23   Thumb Code    94  h1_alloc.o(.text)
    __aeabi_llsl                             0x08001f81   Thumb Code     0  llshl.o(.text)
    _ll_shift_l                              0x08001f81   Thumb Code    38  llshl.o(.text)
    _chval                                   0x08001fa7   Thumb Code    28  _chval.o(.text)
    _fseek                                   0x08001fc5   Thumb Code   242  fseek.o(.text)
    fseek                                    0x08001fc5   Thumb Code     0  fseek.o(.text)
    _seterr                                  0x080020bd   Thumb Code    20  stdio.o(.text)
    _writebuf                                0x080020d1   Thumb Code    84  stdio.o(.text)
    _fflush                                  0x08002125   Thumb Code    70  stdio.o(.text)
    _deferredlazyseek                        0x0800216b   Thumb Code    60  stdio.o(.text)
    __sig_exit                               0x080021ad   Thumb Code    10  defsig_exit.o(.text)
    __rt_SIGRTRED_inner                      0x080021b9   Thumb Code    14  defsig_rtred_inner.o(.text)
    strlen                                   0x080021ed   Thumb Code    62  strlen.o(.text)
    __Heap_Initialize                        0x0800222b   Thumb Code    10  h1_init.o(.text)
    __Heap_DescSize                          0x08002235   Thumb Code     4  h1_init.o(.text)
    __Heap_ProvideMemory                     0x08002239   Thumb Code    52  h1_extend.o(.text)
    _ftell_internal                          0x0800226d   Thumb Code    66  ftell.o(.text)
    ftell                                    0x0800226d   Thumb Code     0  ftell.o(.text)
    __default_signal_display                 0x080022af   Thumb Code    50  defsig_general.o(.text)
    __rt_SIGRTMEM                            0x080022e1   Thumb Code    14  defsig_rtmem_outer.o(.text)
    _ttywrch                                 0x080022ef   Thumb Code    14  sys_wrch.o(.text)
    __rt_SIGRTMEM_inner                      0x080022fd   Thumb Code    22  defsig_rtmem_inner.o(.text)
    _btod_d2e                                0x0800234d   Thumb Code    62  btod.o(CL$$btod_d2e)
    _d2e_denorm_low                          0x0800238b   Thumb Code    70  btod.o(CL$$btod_d2e_denorm_low)
    _d2e_norm_op1                            0x080023d1   Thumb Code    96  btod.o(CL$$btod_d2e_norm_op1)
    __btod_div_common                        0x08002431   Thumb Code   696  btod.o(CL$$btod_div_common)
    _e2d                                     0x08002769   Thumb Code    80  btod.o(CL$$btod_e2d)
    _e2e                                     0x080027bd   Thumb Code   198  btod.o(CL$$btod_e2e)
    _btod_ediv                               0x08002883   Thumb Code    40  btod.o(CL$$btod_ediv)
    _btod_edivd                              0x080028ab   Thumb Code    40  btod.o(CL$$btod_edivd)
    _btod_emul                               0x080028d3   Thumb Code    40  btod.o(CL$$btod_emul)
    _btod_emuld                              0x080028fb   Thumb Code    40  btod.o(CL$$btod_emuld)
    __btod_mult_common                       0x08002923   Thumb Code   580  btod.o(CL$$btod_mult_common)
    Angle_Test1                              0x08002b69   Thumb Code   118  motor.o(i.Angle_Test1)
    BusFault_Handler                         0x08002bed   Thumb Code     2  stm32f4xx_it.o(i.BusFault_Handler)
    DebugMon_Handler                         0x08002bef   Thumb Code     2  stm32f4xx_it.o(i.DebugMon_Handler)
    Enable_Uart_O_Control                    0x08002bf1   Thumb Code    28  uartpack.o(i.Enable_Uart_O_Control)
    Error_Handler                            0x08002c0d   Thumb Code     4  main.o(i.Error_Handler)
    HAL_DMA_Abort                            0x08002c11   Thumb Code   142  stm32f4xx_hal_dma.o(i.HAL_DMA_Abort)
    HAL_DMA_Abort_IT                         0x08002c9f   Thumb Code    36  stm32f4xx_hal_dma.o(i.HAL_DMA_Abort_IT)
    HAL_GPIO_Init                            0x08002cc5   Thumb Code   448  stm32f4xx_hal_gpio.o(i.HAL_GPIO_Init)
    HAL_GPIO_WritePin                        0x08002eb1   Thumb Code    10  stm32f4xx_hal_gpio.o(i.HAL_GPIO_WritePin)
    HAL_GetTick                              0x08002ebd   Thumb Code     6  stm32f4xx_hal.o(i.HAL_GetTick)
    HAL_IncTick                              0x08002ec9   Thumb Code    12  stm32f4xx_hal.o(i.HAL_IncTick)
    HAL_Init                                 0x08002ed9   Thumb Code    48  stm32f4xx_hal.o(i.HAL_Init)
    HAL_InitTick                             0x08002f0d   Thumb Code    54  stm32f4xx_hal.o(i.HAL_InitTick)
    HAL_MspInit                              0x08002f4d   Thumb Code    48  stm32f4xx_hal_msp.o(i.HAL_MspInit)
    HAL_NVIC_EnableIRQ                       0x08002f81   Thumb Code    26  stm32f4xx_hal_cortex.o(i.HAL_NVIC_EnableIRQ)
    HAL_NVIC_SetPriority                     0x08002f9d   Thumb Code    60  stm32f4xx_hal_cortex.o(i.HAL_NVIC_SetPriority)
    HAL_NVIC_SetPriorityGrouping             0x08002fdd   Thumb Code    26  stm32f4xx_hal_cortex.o(i.HAL_NVIC_SetPriorityGrouping)
    HAL_RCC_ClockConfig                      0x08003001   Thumb Code   288  stm32f4xx_hal_rcc.o(i.HAL_RCC_ClockConfig)
    HAL_RCC_GetPCLK1Freq                     0x08003135   Thumb Code    20  stm32f4xx_hal_rcc.o(i.HAL_RCC_GetPCLK1Freq)
    HAL_RCC_GetPCLK2Freq                     0x08003155   Thumb Code    20  stm32f4xx_hal_rcc.o(i.HAL_RCC_GetPCLK2Freq)
    HAL_RCC_GetSysClockFreq                  0x08003175   Thumb Code    88  stm32f4xx_hal_rcc.o(i.HAL_RCC_GetSysClockFreq)
    HAL_RCC_OscConfig                        0x080031d9   Thumb Code   856  stm32f4xx_hal_rcc.o(i.HAL_RCC_OscConfig)
    HAL_SYSTICK_Config                       0x08003545   Thumb Code    40  stm32f4xx_hal_cortex.o(i.HAL_SYSTICK_Config)
    HAL_TIMEx_BreakCallback                  0x0800356d   Thumb Code     2  stm32f4xx_hal_tim_ex.o(i.HAL_TIMEx_BreakCallback)
    HAL_TIMEx_CommutCallback                 0x0800356f   Thumb Code     2  stm32f4xx_hal_tim_ex.o(i.HAL_TIMEx_CommutCallback)
    HAL_TIMEx_ConfigBreakDeadTime            0x08003571   Thumb Code    84  stm32f4xx_hal_tim_ex.o(i.HAL_TIMEx_ConfigBreakDeadTime)
    HAL_TIMEx_MasterConfigSynchronization    0x080035c5   Thumb Code   116  stm32f4xx_hal_tim_ex.o(i.HAL_TIMEx_MasterConfigSynchronization)
    HAL_TIM_Base_Init                        0x08003655   Thumb Code    90  stm32f4xx_hal_tim.o(i.HAL_TIM_Base_Init)
    HAL_TIM_Base_MspInit                     0x080036b1   Thumb Code    50  tim.o(i.HAL_TIM_Base_MspInit)
    HAL_TIM_Base_Start_IT                    0x080036ed   Thumb Code   100  stm32f4xx_hal_tim.o(i.HAL_TIM_Base_Start_IT)
    HAL_TIM_Encoder_Init                     0x0800376d   Thumb Code   164  stm32f4xx_hal_tim.o(i.HAL_TIM_Encoder_Init)
    HAL_TIM_Encoder_MspInit                  0x08003811   Thumb Code   184  tim.o(i.HAL_TIM_Encoder_MspInit)
    HAL_TIM_Encoder_Start                    0x080038dd   Thumb Code   142  stm32f4xx_hal_tim.o(i.HAL_TIM_Encoder_Start)
    HAL_TIM_IC_CaptureCallback               0x0800396b   Thumb Code     2  stm32f4xx_hal_tim.o(i.HAL_TIM_IC_CaptureCallback)
    HAL_TIM_IRQHandler                       0x0800396d   Thumb Code   358  stm32f4xx_hal_tim.o(i.HAL_TIM_IRQHandler)
    HAL_TIM_MspPostInit                      0x08003ad5   Thumb Code    70  tim.o(i.HAL_TIM_MspPostInit)
    HAL_TIM_OC_DelayElapsedCallback          0x08003b29   Thumb Code     2  stm32f4xx_hal_tim.o(i.HAL_TIM_OC_DelayElapsedCallback)
    HAL_TIM_PWM_ConfigChannel                0x08003b2b   Thumb Code   198  stm32f4xx_hal_tim.o(i.HAL_TIM_PWM_ConfigChannel)
    HAL_TIM_PWM_Init                         0x08003bf1   Thumb Code    90  stm32f4xx_hal_tim.o(i.HAL_TIM_PWM_Init)
    HAL_TIM_PWM_MspInit                      0x08003c4d   Thumb Code    50  tim.o(i.HAL_TIM_PWM_MspInit)
    HAL_TIM_PWM_PulseFinishedCallback        0x08003c89   Thumb Code     2  stm32f4xx_hal_tim.o(i.HAL_TIM_PWM_PulseFinishedCallback)
    HAL_TIM_PWM_Start                        0x08003c8d   Thumb Code   172  stm32f4xx_hal_tim.o(i.HAL_TIM_PWM_Start)
    HAL_TIM_PeriodElapsedCallback            0x08003d55   Thumb Code   528  motor.o(i.HAL_TIM_PeriodElapsedCallback)
    HAL_TIM_TriggerCallback                  0x08003fe9   Thumb Code     2  stm32f4xx_hal_tim.o(i.HAL_TIM_TriggerCallback)
    HAL_UARTEx_RxEventCallback               0x08003feb   Thumb Code     2  stm32f4xx_hal_uart.o(i.HAL_UARTEx_RxEventCallback)
    HAL_UART_ErrorCallback                   0x08003fed   Thumb Code     2  stm32f4xx_hal_uart.o(i.HAL_UART_ErrorCallback)
    HAL_UART_IRQHandler                      0x08003ff1   Thumb Code   522  stm32f4xx_hal_uart.o(i.HAL_UART_IRQHandler)
    HAL_UART_Init                            0x08004201   Thumb Code    98  stm32f4xx_hal_uart.o(i.HAL_UART_Init)
    HAL_UART_MspInit                         0x08004265   Thumb Code   110  usart.o(i.HAL_UART_MspInit)
    HAL_UART_Receive_IT                      0x080042e1   Thumb Code    42  stm32f4xx_hal_uart.o(i.HAL_UART_Receive_IT)
    HAL_UART_RxCpltCallback                  0x0800430d   Thumb Code    18  main.o(i.HAL_UART_RxCpltCallback)
    HAL_UART_TxCpltCallback                  0x0800432d   Thumb Code     2  main.o(i.HAL_UART_TxCpltCallback)
    HardFault_Handler                        0x0800432f   Thumb Code     2  stm32f4xx_it.o(i.HardFault_Handler)
    MX_GPIO_Init                             0x08004331   Thumb Code   102  gpio.o(i.MX_GPIO_Init)
    MX_TIM13_Init                            0x080043a1   Thumb Code    44  tim.o(i.MX_TIM13_Init)
    MX_TIM1_Init                             0x080043d5   Thumb Code   100  tim.o(i.MX_TIM1_Init)
    MX_TIM3_Init                             0x08004441   Thumb Code    98  tim.o(i.MX_TIM3_Init)
    MX_TIM8_Init                             0x080044ad   Thumb Code   168  tim.o(i.MX_TIM8_Init)
    MX_USART1_UART_Init                      0x0800455d   Thumb Code    48  usart.o(i.MX_USART1_UART_Init)
    MemManage_Handler                        0x08004595   Thumb Code     2  stm32f4xx_it.o(i.MemManage_Handler)
    Motor_Init                               0x08004599   Thumb Code    82  motor.o(i.Motor_Init)
    NMI_Handler                              0x08004601   Thumb Code     2  stm32f4xx_it.o(i.NMI_Handler)
    PID_AngleCalc                            0x08004603   Thumb Code    48  pid.o(i.PID_AngleCalc)
    PID_Init                                 0x08004633   Thumb Code    14  pid.o(i.PID_Init)
    PID_SingleCalc                           0x08004641   Thumb Code   184  pid.o(i.PID_SingleCalc)
    PWM_Encoder_Start                        0x08004705   Thumb Code    62  tim.o(i.PWM_Encoder_Start)
    PendSV_Handler                           0x08004749   Thumb Code     2  stm32f4xx_it.o(i.PendSV_Handler)
    SVC_Handler                              0x0800474b   Thumb Code     2  stm32f4xx_it.o(i.SVC_Handler)
    SysTick_Handler                          0x0800474d   Thumb Code     4  stm32f4xx_it.o(i.SysTick_Handler)
    SystemClock_Config                       0x08004751   Thumb Code   134  main.o(i.SystemClock_Config)
    SystemInit                               0x080047e1   Thumb Code    12  system_stm32f4xx.o(i.SystemInit)
    TIM1_UP_TIM10_IRQHandler                 0x080047f1   Thumb Code     6  stm32f4xx_it.o(i.TIM1_UP_TIM10_IRQHandler)
    TIM3_IRQHandler                          0x080047fd   Thumb Code     6  stm32f4xx_it.o(i.TIM3_IRQHandler)
    TIM8_UP_TIM13_IRQHandler                 0x08004809   Thumb Code    18  stm32f4xx_it.o(i.TIM8_UP_TIM13_IRQHandler)
    TIM_Base_SetConfig                       0x08004825   Thumb Code   156  stm32f4xx_hal_tim.o(i.TIM_Base_SetConfig)
    TIM_CCxChannelCmd                        0x080048ed   Thumb Code    26  stm32f4xx_hal_tim.o(i.TIM_CCxChannelCmd)
    TIM_OC2_SetConfig                        0x08004969   Thumb Code    98  stm32f4xx_hal_tim.o(i.TIM_OC2_SetConfig)
    UART_Start_Receive_IT                    0x08004c89   Thumb Code    54  stm32f4xx_hal_uart.o(i.UART_Start_Receive_IT)
    USART1_IRQHandler                        0x08004cc1   Thumb Code     6  stm32f4xx_it.o(i.USART1_IRQHandler)
    Uart_O_Data_Process                      0x08004ccd   Thumb Code    98  uartpack.o(i.Uart_O_Data_Process)
    Uart_O_Timeout_Check                     0x08004d2f   Thumb Code    70  uartpack.o(i.Uart_O_Timeout_Check)
    UsageFault_Handler                       0x08004d75   Thumb Code     2  stm32f4xx_it.o(i.UsageFault_Handler)
    __ARM_fpclassify                         0x08004d77   Thumb Code    48  fpclassify.o(i.__ARM_fpclassify)
    __hardfp_ldexp                           0x08004dc9   Thumb Code   200  ldexp.o(i.__hardfp_ldexp)
    __mathlib_dbl_overflow                   0x08004e99   Thumb Code    24  dunder.o(i.__mathlib_dbl_overflow)
    __mathlib_dbl_underflow                  0x08004eb9   Thumb Code    24  dunder.o(i.__mathlib_dbl_underflow)
    __mathlib_narrow                         0x08004ed9   Thumb Code   166  narrow.o(i.__mathlib_narrow)
    __support_ldexp                          0x08004f91   Thumb Code    20  ldexp.o(i.__support_ldexp)
    _is_digit                                0x08004fa5   Thumb Code    14  __printf_wp.o(i._is_digit)
    _sys_exit                                0x08004fb3   Thumb Code     2  uartpack.o(i._sys_exit)
    fputc                                    0x08004fb5   Thumb Code    14  uartpack.o(i.fputc)
    frexp                                    0x08004fc9   Thumb Code   118  frexp.o(i.frexp)
    main                                     0x08005055   Thumb Code   230  main.o(i.main)
    _get_lc_numeric                          0x0800516d   Thumb Code    44  lc_numeric_c.o(locale$$code)
    _get_lc_ctype                            0x08005199   Thumb Code    44  lc_ctype_c.o(locale$$code)
    __aeabi_d2f                              0x080051c5   Thumb Code     0  d2f.o(x$fpl$d2f)
    _d2f                                     0x080051c5   Thumb Code    98  d2f.o(x$fpl$d2f)
    __fpl_dcheck_NaN1                        0x08005229   Thumb Code    10  dcheck1.o(x$fpl$dcheck1)
    __fpl_dcmp_Inf                           0x08005239   Thumb Code    24  dcmpi.o(x$fpl$dcmpinf)
    __aeabi_cdcmpeq                          0x08005251   Thumb Code     0  deqf.o(x$fpl$deqf)
    _dcmpeq                                  0x08005251   Thumb Code   120  deqf.o(x$fpl$deqf)
    __aeabi_cdcmple                          0x080052c9   Thumb Code     0  dleqf.o(x$fpl$dleqf)
    _dcmple                                  0x080052c9   Thumb Code   120  dleqf.o(x$fpl$dleqf)
    __fpl_dcmple_InfNaN                      0x0800532b   Thumb Code     0  dleqf.o(x$fpl$dleqf)
    __aeabi_dmul                             0x08005341   Thumb Code     0  dmul.o(x$fpl$dmul)
    _dmul                                    0x08005341   Thumb Code   332  dmul.o(x$fpl$dmul)
    __fpl_dnaninf                            0x08005495   Thumb Code   156  dnaninf.o(x$fpl$dnaninf)
    __fpl_dretinf                            0x08005531   Thumb Code    12  dretinf.o(x$fpl$dretinf)
    __aeabi_cdrcmple                         0x0800553d   Thumb Code     0  drleqf.o(x$fpl$drleqf)
    _drcmple                                 0x0800553d   Thumb Code   108  drleqf.o(x$fpl$drleqf)
    __aeabi_f2d                              0x080055a9   Thumb Code     0  f2d.o(x$fpl$f2d)
    _f2d                                     0x080055a9   Thumb Code    86  f2d.o(x$fpl$f2d)
    __fpl_fnaninf                            0x080055ff   Thumb Code   140  fnaninf.o(x$fpl$fnaninf)
    _fp_init                                 0x0800568b   Thumb Code    10  fpinit.o(x$fpl$fpinit)
    __fplib_config_fpu_vfp                   0x08005693   Thumb Code     0  fpinit.o(x$fpl$fpinit)
    __fplib_config_pureend_doubles           0x08005693   Thumb Code     0  fpinit.o(x$fpl$fpinit)
    __fpl_fretinf                            0x08005695   Thumb Code    10  fretinf.o(x$fpl$fretinf)
    _printf_fp_dec                           0x0800569f   Thumb Code     4  printf1.o(x$fpl$printf1)
    __fpl_return_NaN                         0x080056a3   Thumb Code   100  retnan.o(x$fpl$retnan)
    __ARM_scalbn                             0x08005707   Thumb Code    92  scalbn.o(x$fpl$scalbn)
    _scanf_real                              0x08005763   Thumb Code     4  scanf1.o(x$fpl$scanf1)
    _scanf_hex_real                          0x08005767   Thumb Code     4  scanf2.o(x$fpl$scanf2)
    _scanf_infnan                            0x0800576b   Thumb Code     4  scanf2.o(x$fpl$scanf2)
    __fpl_cmpreturn                          0x0800576f   Thumb Code    48  trapv.o(x$fpl$trapveneer)
    AHBPrescTable                            0x0800579e   Data          16  system_stm32f4xx.o(.constdata)
    __I$use$fp                               0x0800579e   Number         0  usenofp.o(x$fpl$usenofp)
    APBPrescTable                            0x080057ae   Data           8  system_stm32f4xx.o(.constdata)
    __stdin_name                             0x0800585c   Data           4  sys_io.o(.constdata)
    __stdout_name                            0x08005860   Data           4  sys_io.o(.constdata)
    __stderr_name                            0x08005864   Data           4  sys_io.o(.constdata)
    Region$$Table$$Base                      0x08005868   Number         0  anon$$obj.o(Region$$Table)
    Region$$Table$$Limit                     0x08005888   Number         0  anon$$obj.o(Region$$Table)
    __aeabi_HUGE_VAL                         0x08005888   Data           0  fpconst.o(c$$dinf)
    __aeabi_HUGE_VALL                        0x08005888   Data           0  fpconst.o(c$$dinf)
    __aeabi_INFINITY                         0x08005888   Data           0  fpconst.o(c$$dinf)
    __dInf                                   0x08005888   Data           0  fpconst.o(c$$dinf)
    __huge_val                               0x08005888   Data           0  fpconst.o(c$$dinf)
    __ctype                                  0x080058b9   Data           0  lc_ctype_c.o(locale$$data)
    uwTickFreq                               0x20000030   Data           1  stm32f4xx_hal.o(.data)
    uwTickPrio                               0x20000034   Data           4  stm32f4xx_hal.o(.data)
    uwTick                                   0x20000038   Data           4  stm32f4xx_hal.o(.data)
    SystemCoreClock                          0x2000003c   Data           4  system_stm32f4xx.o(.data)
    __aeabi_stdin                            0x20000040   Data           4  stdio_streams.o(.data)
    __aeabi_stdout                           0x20000044   Data           4  stdio_streams.o(.data)
    __aeabi_stderr                           0x20000048   Data           4  stdio_streams.o(.data)
    motor1                                   0x2000004c   Data         100  motor.o(.bss)
    motor2                                   0x200000b0   Data         100  motor.o(.bss)
    line                                     0x20000114   Data          24  motor.o(.bss)
    uart_1                                   0x2000012c   Data         272  main.o(.bss)
    htim1                                    0x2000023c   Data          72  tim.o(.bss)
    htim3                                    0x20000284   Data          72  tim.o(.bss)
    htim8                                    0x200002cc   Data          72  tim.o(.bss)
    htim13                                   0x20000314   Data          72  tim.o(.bss)
    huart1                                   0x2000035c   Data          68  usart.o(.bss)
    __stdin                                  0x200003a0   Data          84  stdio_streams.o(.bss)
    __stdout                                 0x200003f4   Data          84  stdio_streams.o(.bss)
    __stderr                                 0x20000448   Data          84  stdio_streams.o(.bss)
    __libspace_start                         0x2000049c   Data          96  libspace.o(.bss)
    __temporary_stack_top$libspace           0x200004fc   Data           0  libspace.o(.bss)



==============================================================================

Memory Map of the image

  Image Entry point : 0x08000189

  Load Region LR_IROM1 (Base: 0x08000000, Size: 0x00005a08, Max: 0x00080000, ABSOLUTE)

    Execution Region ER_IROM1 (Base: 0x08000000, Size: 0x000059bc, Max: 0x00080000, ABSOLUTE)

    Base Addr    Size         Type   Attr      Idx    E Section Name        Object

    0x08000000   0x00000188   Data   RO            3    RESET               startup_stm32f407xx.o
    0x08000188   0x00000008   Code   RO         3207  * !!!main             c_w.l(__main.o)
    0x08000190   0x00000034   Code   RO         3832    !!!scatter          c_w.l(__scatter.o)
    0x080001c4   0x0000001a   Code   RO         3834    !!handler_copy      c_w.l(__scatter_copy.o)
    0x080001de   0x00000002   PAD
    0x080001e0   0x0000001c   Code   RO         3836    !!handler_zi        c_w.l(__scatter_zi.o)
    0x080001fc   0x00000000   Code   RO         3196    .ARM.Collect$$_printf_percent$$00000000  c_w.l(_printf_percent.o)
    0x080001fc   0x00000006   Code   RO         3195    .ARM.Collect$$_printf_percent$$00000003  c_w.l(_printf_f.o)
    0x08000202   0x00000004   Code   RO         3340    .ARM.Collect$$_printf_percent$$00000017  c_w.l(_printf_percent_end.o)
    0x08000206   0x00000002   Code   RO         3617    .ARM.Collect$$libinit$$00000000  c_w.l(libinit.o)
    0x08000208   0x00000004   Code   RO         3618    .ARM.Collect$$libinit$$00000001  c_w.l(libinit2.o)
    0x0800020c   0x00000000   Code   RO         3621    .ARM.Collect$$libinit$$00000004  c_w.l(libinit2.o)
    0x0800020c   0x00000008   Code   RO         3622    .ARM.Collect$$libinit$$00000005  c_w.l(libinit2.o)
    0x08000214   0x00000000   Code   RO         3624    .ARM.Collect$$libinit$$0000000A  c_w.l(libinit2.o)
    0x08000214   0x00000000   Code   RO         3626    .ARM.Collect$$libinit$$0000000C  c_w.l(libinit2.o)
    0x08000214   0x00000000   Code   RO         3628    .ARM.Collect$$libinit$$0000000E  c_w.l(libinit2.o)
    0x08000214   0x00000006   Code   RO         3629    .ARM.Collect$$libinit$$0000000F  c_w.l(libinit2.o)
    0x0800021a   0x00000000   Code   RO         3631    .ARM.Collect$$libinit$$00000011  c_w.l(libinit2.o)
    0x0800021a   0x0000000c   Code   RO         3632    .ARM.Collect$$libinit$$00000012  c_w.l(libinit2.o)
    0x08000226   0x00000000   Code   RO         3633    .ARM.Collect$$libinit$$00000013  c_w.l(libinit2.o)
    0x08000226   0x00000000   Code   RO         3635    .ARM.Collect$$libinit$$00000015  c_w.l(libinit2.o)
    0x08000226   0x0000000a   Code   RO         3636    .ARM.Collect$$libinit$$00000016  c_w.l(libinit2.o)
    0x08000230   0x00000000   Code   RO         3637    .ARM.Collect$$libinit$$00000017  c_w.l(libinit2.o)
    0x08000230   0x00000000   Code   RO         3639    .ARM.Collect$$libinit$$00000019  c_w.l(libinit2.o)
    0x08000230   0x00000000   Code   RO         3641    .ARM.Collect$$libinit$$0000001B  c_w.l(libinit2.o)
    0x08000230   0x00000000   Code   RO         3643    .ARM.Collect$$libinit$$0000001D  c_w.l(libinit2.o)
    0x08000230   0x00000000   Code   RO         3645    .ARM.Collect$$libinit$$0000001F  c_w.l(libinit2.o)
    0x08000230   0x00000000   Code   RO         3647    .ARM.Collect$$libinit$$00000021  c_w.l(libinit2.o)
    0x08000230   0x00000000   Code   RO         3649    .ARM.Collect$$libinit$$00000023  c_w.l(libinit2.o)
    0x08000230   0x00000004   Code   RO         3650    .ARM.Collect$$libinit$$00000024  c_w.l(libinit2.o)
    0x08000234   0x00000000   Code   RO         3651    .ARM.Collect$$libinit$$00000025  c_w.l(libinit2.o)
    0x08000234   0x00000000   Code   RO         3655    .ARM.Collect$$libinit$$0000002C  c_w.l(libinit2.o)
    0x08000234   0x00000000   Code   RO         3657    .ARM.Collect$$libinit$$0000002E  c_w.l(libinit2.o)
    0x08000234   0x00000000   Code   RO         3659    .ARM.Collect$$libinit$$00000030  c_w.l(libinit2.o)
    0x08000234   0x00000000   Code   RO         3661    .ARM.Collect$$libinit$$00000032  c_w.l(libinit2.o)
    0x08000234   0x00000002   Code   RO         3662    .ARM.Collect$$libinit$$00000033  c_w.l(libinit2.o)
    0x08000236   0x00000002   Code   RO         3813    .ARM.Collect$$libshutdown$$00000000  c_w.l(libshutdown.o)
    0x08000238   0x00000004   Code   RO         3664    .ARM.Collect$$libshutdown$$00000002  c_w.l(libshutdown2.o)
    0x0800023c   0x00000000   Code   RO         3665    .ARM.Collect$$libshutdown$$00000003  c_w.l(libshutdown2.o)
    0x0800023c   0x00000000   Code   RO         3668    .ARM.Collect$$libshutdown$$00000006  c_w.l(libshutdown2.o)
    0x0800023c   0x00000000   Code   RO         3671    .ARM.Collect$$libshutdown$$00000009  c_w.l(libshutdown2.o)
    0x0800023c   0x00000000   Code   RO         3673    .ARM.Collect$$libshutdown$$0000000B  c_w.l(libshutdown2.o)
    0x0800023c   0x00000000   Code   RO         3676    .ARM.Collect$$libshutdown$$0000000E  c_w.l(libshutdown2.o)
    0x0800023c   0x00000002   Code   RO         3677    .ARM.Collect$$libshutdown$$0000000F  c_w.l(libshutdown2.o)
    0x0800023e   0x00000000   Code   RO         3271    .ARM.Collect$$rtentry$$00000000  c_w.l(__rtentry.o)
    0x0800023e   0x00000000   Code   RO         3411    .ARM.Collect$$rtentry$$00000002  c_w.l(__rtentry2.o)
    0x0800023e   0x00000006   Code   RO         3423    .ARM.Collect$$rtentry$$00000004  c_w.l(__rtentry4.o)
    0x08000244   0x00000000   Code   RO         3413    .ARM.Collect$$rtentry$$00000009  c_w.l(__rtentry2.o)
    0x08000244   0x00000004   Code   RO         3414    .ARM.Collect$$rtentry$$0000000A  c_w.l(__rtentry2.o)
    0x08000248   0x00000000   Code   RO         3416    .ARM.Collect$$rtentry$$0000000C  c_w.l(__rtentry2.o)
    0x08000248   0x00000008   Code   RO         3417    .ARM.Collect$$rtentry$$0000000D  c_w.l(__rtentry2.o)
    0x08000250   0x00000002   Code   RO         3691    .ARM.Collect$$rtexit$$00000000  c_w.l(rtexit.o)
    0x08000252   0x00000000   Code   RO         3764    .ARM.Collect$$rtexit$$00000002  c_w.l(rtexit2.o)
    0x08000252   0x00000004   Code   RO         3765    .ARM.Collect$$rtexit$$00000003  c_w.l(rtexit2.o)
    0x08000256   0x00000006   Code   RO         3766    .ARM.Collect$$rtexit$$00000004  c_w.l(rtexit2.o)
    0x0800025c   0x00000000   Code   RO         3770    .emb_text           c_w.l(maybetermalloc1.o)
    0x0800025c   0x00000040   Code   RO            4    .text               startup_stm32f407xx.o
    0x0800029c   0x000000ee   Code   RO         3165    .text               c_w.l(lludivv7m.o)
    0x0800038a   0x00000002   PAD
    0x0800038c   0x00000018   Code   RO         3169    .text               c_w.l(__2printf.o)
    0x080003a4   0x00000188   Code   RO         3192    .text               c_w.l(__printf_flags_ss_wp.o)
    0x0800052c   0x0000003c   Code   RO         3197    .text               c_w.l(__0sscanf.o)
    0x08000568   0x00000008   Code   RO         3199    .text               c_w.l(abs.o)
    0x08000570   0x0000008a   Code   RO         3201    .text               c_w.l(rt_memcpy_v6.o)
    0x080005fa   0x0000004e   Code   RO         3203    .text               c_w.l(rt_memclr_w.o)
    0x08000648   0x00000006   Code   RO         3205    .text               c_w.l(heapauxi.o)
    0x0800064e   0x00000016   Code   RO         3276    .text               c_w.l(_rserrno.o)
    0x08000664   0x0000041a   Code   RO         3288    .text               c_w.l(_printf_fp_dec.o)
    0x08000a7e   0x00000002   PAD
    0x08000a80   0x00000030   Code   RO         3290    .text               c_w.l(_printf_char_common.o)
    0x08000ab0   0x00000024   Code   RO         3294    .text               c_w.l(_printf_char_file.o)
    0x08000ad4   0x000004a4   Code   RO         3350    .text               c_w.l(scanf_fp.o)
    0x08000f78   0x0000002c   Code   RO         3352    .text               c_w.l(scanf_char.o)
    0x08000fa4   0x00000040   Code   RO         3354    .text               c_w.l(_sgetc.o)
    0x08000fe4   0x00000064   Code   RO         3362    .text               c_w.l(rt_memcpy_w.o)
    0x08001048   0x00000008   Code   RO         3430    .text               c_w.l(rt_locale_intlibspace.o)
    0x08001050   0x00000008   Code   RO         3435    .text               c_w.l(rt_errno_addr_intlibspace.o)
    0x08001058   0x0000008a   Code   RO         3437    .text               c_w.l(lludiv10.o)
    0x080010e2   0x00000012   Code   RO         3439    .text               c_w.l(isspace.o)
    0x080010f4   0x00000080   Code   RO         3446    .text               c_w.l(_printf_fp_infnan.o)
    0x08001174   0x00000374   Code   RO         3454    .text               c_w.l(_scanf.o)
    0x080014e8   0x000000dc   Code   RO         3456    .text               c_w.l(bigflt0.o)
    0x080015c4   0x00000008   Code   RO         3481    .text               c_w.l(ferror.o)
    0x080015cc   0x00000138   Code   RO         3483    .text               c_w.l(initio.o)
    0x08001704   0x00000066   Code   RO         3515    .text               c_w.l(sys_io.o)
    0x0800176a   0x00000002   PAD
    0x0800176c   0x00000008   Code   RO         3520    .text               c_w.l(libspace.o)
    0x08001774   0x0000004a   Code   RO         3525    .text               c_w.l(sys_stackheap_outer.o)
    0x080017be   0x00000002   PAD
    0x080017c0   0x00000010   Code   RO         3527    .text               c_w.l(rt_ctype_table.o)
    0x080017d0   0x0000004e   Code   RO         3531    .text               c_w.l(h1_free.o)
    0x0800181e   0x00000002   PAD
    0x08001820   0x00000318   Code   RO         3585    .text               c_w.l(scanf_hexfp.o)
    0x08001b38   0x00000134   Code   RO         3587    .text               c_w.l(scanf_infnan.o)
    0x08001c6c   0x00000046   Code   RO         3589    .text               c_w.l(setvbuf.o)
    0x08001cb2   0x00000002   PAD
    0x08001cb4   0x000000ec   Code   RO         3592    .text               c_w.l(fopen.o)
    0x08001da0   0x0000004c   Code   RO         3594    .text               c_w.l(fclose.o)
    0x08001dec   0x0000000c   Code   RO         3600    .text               c_w.l(exit.o)
    0x08001df8   0x0000000e   Code   RO         3606    .text               c_w.l(defsig_rtred_outer.o)
    0x08001e06   0x00000002   PAD
    0x08001e08   0x00000080   Code   RO         3610    .text               c_w.l(strcmpv7m.o)
    0x08001e88   0x00000002   Code   RO         3688    .text               c_w.l(use_no_semi.o)
    0x08001e8a   0x00000000   Code   RO         3690    .text               c_w.l(indicate_semi.o)
    0x08001e8a   0x00000002   PAD
    0x08001e8c   0x00000008   Code   RO         3698    .text               c_w.l(rt_heap_descriptor_intlibspace.o)
    0x08001e94   0x00000004   Code   RO         3700    .text               c_w.l(hguard.o)
    0x08001e98   0x0000008a   Code   RO         3702    .text               c_w.l(init_alloc.o)
    0x08001f22   0x0000005e   Code   RO         3708    .text               c_w.l(h1_alloc.o)
    0x08001f80   0x00000026   Code   RO         3722    .text               c_w.l(llshl.o)
    0x08001fa6   0x0000001c   Code   RO         3724    .text               c_w.l(_chval.o)
    0x08001fc2   0x00000002   PAD
    0x08001fc4   0x000000f8   Code   RO         3726    .text               c_w.l(fseek.o)
    0x080020bc   0x000000f0   Code   RO         3728    .text               c_w.l(stdio.o)
    0x080021ac   0x0000000a   Code   RO         3733    .text               c_w.l(defsig_exit.o)
    0x080021b6   0x00000002   PAD
    0x080021b8   0x00000034   Code   RO         3737    .text               c_w.l(defsig_rtred_inner.o)
    0x080021ec   0x0000003e   Code   RO         3739    .text               c_w.l(strlen.o)
    0x0800222a   0x0000000e   Code   RO         3772    .text               c_w.l(h1_init.o)
    0x08002238   0x00000034   Code   RO         3774    .text               c_w.l(h1_extend.o)
    0x0800226c   0x00000042   Code   RO         3780    .text               c_w.l(ftell.o)
    0x080022ae   0x00000032   Code   RO         3784    .text               c_w.l(defsig_general.o)
    0x080022e0   0x0000000e   Code   RO         3786    .text               c_w.l(defsig_rtmem_outer.o)
    0x080022ee   0x0000000e   Code   RO         3799    .text               c_w.l(sys_wrch.o)
    0x080022fc   0x00000050   Code   RO         3807    .text               c_w.l(defsig_rtmem_inner.o)
    0x0800234c   0x0000003e   Code   RO         3459    CL$$btod_d2e        c_w.l(btod.o)
    0x0800238a   0x00000046   Code   RO         3461    CL$$btod_d2e_denorm_low  c_w.l(btod.o)
    0x080023d0   0x00000060   Code   RO         3460    CL$$btod_d2e_norm_op1  c_w.l(btod.o)
    0x08002430   0x00000338   Code   RO         3469    CL$$btod_div_common  c_w.l(btod.o)
    0x08002768   0x00000054   Code   RO         3467    CL$$btod_e2d        c_w.l(btod.o)
    0x080027bc   0x000000c6   Code   RO         3466    CL$$btod_e2e        c_w.l(btod.o)
    0x08002882   0x00000028   Code   RO         3463    CL$$btod_ediv       c_w.l(btod.o)
    0x080028aa   0x00000028   Code   RO         3465    CL$$btod_edivd      c_w.l(btod.o)
    0x080028d2   0x00000028   Code   RO         3462    CL$$btod_emul       c_w.l(btod.o)
    0x080028fa   0x00000028   Code   RO         3464    CL$$btod_emuld      c_w.l(btod.o)
    0x08002922   0x00000244   Code   RO         3468    CL$$btod_mult_common  c_w.l(btod.o)
    0x08002b66   0x00000002   PAD
    0x08002b68   0x00000084   Code   RO          240    i.Angle_Test1       motor.o
    0x08002bec   0x00000002   Code   RO          542    i.BusFault_Handler  stm32f4xx_it.o
    0x08002bee   0x00000002   Code   RO          543    i.DebugMon_Handler  stm32f4xx_it.o
    0x08002bf0   0x0000001c   Code   RO           14    i.Enable_Uart_O_Control  uartpack.o
    0x08002c0c   0x00000004   Code   RO          322    i.Error_Handler     main.o
    0x08002c10   0x0000008e   Code   RO         2101    i.HAL_DMA_Abort     stm32f4xx_hal_dma.o
    0x08002c9e   0x00000024   Code   RO         2102    i.HAL_DMA_Abort_IT  stm32f4xx_hal_dma.o
    0x08002cc2   0x00000002   PAD
    0x08002cc4   0x000001ec   Code   RO         1994    i.HAL_GPIO_Init     stm32f4xx_hal_gpio.o
    0x08002eb0   0x0000000a   Code   RO         1998    i.HAL_GPIO_WritePin  stm32f4xx_hal_gpio.o
    0x08002eba   0x00000002   PAD
    0x08002ebc   0x0000000c   Code   RO         2526    i.HAL_GetTick       stm32f4xx_hal.o
    0x08002ec8   0x00000010   Code   RO         2532    i.HAL_IncTick       stm32f4xx_hal.o
    0x08002ed8   0x00000034   Code   RO         2533    i.HAL_Init          stm32f4xx_hal.o
    0x08002f0c   0x00000040   Code   RO         2534    i.HAL_InitTick      stm32f4xx_hal.o
    0x08002f4c   0x00000034   Code   RO          642    i.HAL_MspInit       stm32f4xx_hal_msp.o
    0x08002f80   0x0000001a   Code   RO         2383    i.HAL_NVIC_EnableIRQ  stm32f4xx_hal_cortex.o
    0x08002f9a   0x00000002   PAD
    0x08002f9c   0x00000040   Code   RO         2389    i.HAL_NVIC_SetPriority  stm32f4xx_hal_cortex.o
    0x08002fdc   0x00000024   Code   RO         2390    i.HAL_NVIC_SetPriorityGrouping  stm32f4xx_hal_cortex.o
    0x08003000   0x00000134   Code   RO         1640    i.HAL_RCC_ClockConfig  stm32f4xx_hal_rcc.o
    0x08003134   0x00000020   Code   RO         1647    i.HAL_RCC_GetPCLK1Freq  stm32f4xx_hal_rcc.o
    0x08003154   0x00000020   Code   RO         1648    i.HAL_RCC_GetPCLK2Freq  stm32f4xx_hal_rcc.o
    0x08003174   0x00000064   Code   RO         1649    i.HAL_RCC_GetSysClockFreq  stm32f4xx_hal_rcc.o
    0x080031d8   0x0000036c   Code   RO         1652    i.HAL_RCC_OscConfig  stm32f4xx_hal_rcc.o
    0x08003544   0x00000028   Code   RO         2394    i.HAL_SYSTICK_Config  stm32f4xx_hal_cortex.o
    0x0800356c   0x00000002   Code   RO         1372    i.HAL_TIMEx_BreakCallback  stm32f4xx_hal_tim_ex.o
    0x0800356e   0x00000002   Code   RO         1373    i.HAL_TIMEx_CommutCallback  stm32f4xx_hal_tim_ex.o
    0x08003570   0x00000054   Code   RO         1375    i.HAL_TIMEx_ConfigBreakDeadTime  stm32f4xx_hal_tim_ex.o
    0x080035c4   0x00000090   Code   RO         1391    i.HAL_TIMEx_MasterConfigSynchronization  stm32f4xx_hal_tim_ex.o
    0x08003654   0x0000005a   Code   RO          668    i.HAL_TIM_Base_Init  stm32f4xx_hal_tim.o
    0x080036ae   0x00000002   PAD
    0x080036b0   0x0000003c   Code   RO          405    i.HAL_TIM_Base_MspInit  tim.o
    0x080036ec   0x00000080   Code   RO          673    i.HAL_TIM_Base_Start_IT  stm32f4xx_hal_tim.o
    0x0800376c   0x000000a4   Code   RO          689    i.HAL_TIM_Encoder_Init  stm32f4xx_hal_tim.o
    0x08003810   0x000000cc   Code   RO          407    i.HAL_TIM_Encoder_MspInit  tim.o
    0x080038dc   0x0000008e   Code   RO          692    i.HAL_TIM_Encoder_Start  stm32f4xx_hal_tim.o
    0x0800396a   0x00000002   Code   RO          702    i.HAL_TIM_IC_CaptureCallback  stm32f4xx_hal_tim.o
    0x0800396c   0x00000166   Code   RO          716    i.HAL_TIM_IRQHandler  stm32f4xx_hal_tim.o
    0x08003ad2   0x00000002   PAD
    0x08003ad4   0x00000054   Code   RO          408    i.HAL_TIM_MspPostInit  tim.o
    0x08003b28   0x00000002   Code   RO          719    i.HAL_TIM_OC_DelayElapsedCallback  stm32f4xx_hal_tim.o
    0x08003b2a   0x000000c6   Code   RO          740    i.HAL_TIM_PWM_ConfigChannel  stm32f4xx_hal_tim.o
    0x08003bf0   0x0000005a   Code   RO          743    i.HAL_TIM_PWM_Init  stm32f4xx_hal_tim.o
    0x08003c4a   0x00000002   PAD
    0x08003c4c   0x0000003c   Code   RO          410    i.HAL_TIM_PWM_MspInit  tim.o
    0x08003c88   0x00000002   Code   RO          746    i.HAL_TIM_PWM_PulseFinishedCallback  stm32f4xx_hal_tim.o
    0x08003c8a   0x00000002   PAD
    0x08003c8c   0x000000c8   Code   RO          748    i.HAL_TIM_PWM_Start  stm32f4xx_hal_tim.o
    0x08003d54   0x00000294   Code   RO          241    i.HAL_TIM_PeriodElapsedCallback  motor.o
    0x08003fe8   0x00000002   Code   RO          759    i.HAL_TIM_TriggerCallback  stm32f4xx_hal_tim.o
    0x08003fea   0x00000002   Code   RO         2782    i.HAL_UARTEx_RxEventCallback  stm32f4xx_hal_uart.o
    0x08003fec   0x00000002   Code   RO         2796    i.HAL_UART_ErrorCallback  stm32f4xx_hal_uart.o
    0x08003fee   0x00000002   PAD
    0x08003ff0   0x00000210   Code   RO         2799    i.HAL_UART_IRQHandler  stm32f4xx_hal_uart.o
    0x08004200   0x00000062   Code   RO         2800    i.HAL_UART_Init     stm32f4xx_hal_uart.o
    0x08004262   0x00000002   PAD
    0x08004264   0x0000007c   Code   RO          501    i.HAL_UART_MspInit  usart.o
    0x080042e0   0x0000002a   Code   RO         2805    i.HAL_UART_Receive_IT  stm32f4xx_hal_uart.o
    0x0800430a   0x00000002   PAD
    0x0800430c   0x00000020   Code   RO          323    i.HAL_UART_RxCpltCallback  main.o
    0x0800432c   0x00000002   Code   RO          324    i.HAL_UART_TxCpltCallback  main.o
    0x0800432e   0x00000002   Code   RO          544    i.HardFault_Handler  stm32f4xx_it.o
    0x08004330   0x00000070   Code   RO          380    i.MX_GPIO_Init      gpio.o
    0x080043a0   0x00000034   Code   RO          411    i.MX_TIM13_Init     tim.o
    0x080043d4   0x0000006c   Code   RO          412    i.MX_TIM1_Init      tim.o
    0x08004440   0x0000006c   Code   RO          413    i.MX_TIM3_Init      tim.o
    0x080044ac   0x000000b0   Code   RO          414    i.MX_TIM8_Init      tim.o
    0x0800455c   0x00000038   Code   RO          502    i.MX_USART1_UART_Init  usart.o
    0x08004594   0x00000002   Code   RO          545    i.MemManage_Handler  stm32f4xx_it.o
    0x08004596   0x00000002   PAD
    0x08004598   0x00000068   Code   RO          243    i.Motor_Init        motor.o
    0x08004600   0x00000002   Code   RO          546    i.NMI_Handler       stm32f4xx_it.o
    0x08004602   0x00000030   Code   RO          196    i.PID_AngleCalc     pid.o
    0x08004632   0x0000000e   Code   RO          197    i.PID_Init          pid.o
    0x08004640   0x000000c4   Code   RO          198    i.PID_SingleCalc    pid.o
    0x08004704   0x00000044   Code   RO          415    i.PWM_Encoder_Start  tim.o
    0x08004748   0x00000002   Code   RO          547    i.PendSV_Handler    stm32f4xx_it.o
    0x0800474a   0x00000002   Code   RO          548    i.SVC_Handler       stm32f4xx_it.o
    0x0800474c   0x00000004   Code   RO          549    i.SysTick_Handler   stm32f4xx_it.o
    0x08004750   0x00000090   Code   RO          325    i.SystemClock_Config  main.o
    0x080047e0   0x00000010   Code   RO         3129    i.SystemInit        system_stm32f4xx.o
    0x080047f0   0x0000000c   Code   RO          550    i.TIM1_UP_TIM10_IRQHandler  stm32f4xx_it.o
    0x080047fc   0x0000000c   Code   RO          551    i.TIM3_IRQHandler   stm32f4xx_it.o
    0x08004808   0x0000001c   Code   RO          552    i.TIM8_UP_TIM13_IRQHandler  stm32f4xx_it.o
    0x08004824   0x000000c8   Code   RO          761    i.TIM_Base_SetConfig  stm32f4xx_hal_tim.o
    0x080048ec   0x0000001a   Code   RO          762    i.TIM_CCxChannelCmd  stm32f4xx_hal_tim.o
    0x08004906   0x00000002   PAD
    0x08004908   0x00000060   Code   RO          774    i.TIM_OC1_SetConfig  stm32f4xx_hal_tim.o
    0x08004968   0x0000006c   Code   RO          775    i.TIM_OC2_SetConfig  stm32f4xx_hal_tim.o
    0x080049d4   0x00000068   Code   RO          776    i.TIM_OC3_SetConfig  stm32f4xx_hal_tim.o
    0x08004a3c   0x00000050   Code   RO          777    i.TIM_OC4_SetConfig  stm32f4xx_hal_tim.o
    0x08004a8c   0x00000010   Code   RO         2813    i.UART_DMAAbortOnError  stm32f4xx_hal_uart.o
    0x08004a9c   0x00000030   Code   RO         2823    i.UART_EndRxTransfer  stm32f4xx_hal_uart.o
    0x08004acc   0x000000ae   Code   RO         2825    i.UART_Receive_IT   stm32f4xx_hal_uart.o
    0x08004b7a   0x00000002   PAD
    0x08004b7c   0x0000010c   Code   RO         2826    i.UART_SetConfig    stm32f4xx_hal_uart.o
    0x08004c88   0x00000036   Code   RO         2828    i.UART_Start_Receive_IT  stm32f4xx_hal_uart.o
    0x08004cbe   0x00000002   PAD
    0x08004cc0   0x0000000c   Code   RO          553    i.USART1_IRQHandler  stm32f4xx_it.o
    0x08004ccc   0x00000062   Code   RO           16    i.Uart_O_Data_Process  uartpack.o
    0x08004d2e   0x00000046   Code   RO           17    i.Uart_O_Timeout_Check  uartpack.o
    0x08004d74   0x00000002   Code   RO          554    i.UsageFault_Handler  stm32f4xx_it.o
    0x08004d76   0x00000030   Code   RO         3405    i.__ARM_fpclassify  m_wm.l(fpclassify.o)
    0x08004da6   0x00000020   Code   RO         2396    i.__NVIC_SetPriority  stm32f4xx_hal_cortex.o
    0x08004dc6   0x00000002   PAD
    0x08004dc8   0x000000d0   Code   RO         3747    i.__hardfp_ldexp    m_wm.l(ldexp.o)
    0x08004e98   0x00000020   Code   RO         3389    i.__mathlib_dbl_overflow  m_wm.l(dunder.o)
    0x08004eb8   0x00000020   Code   RO         3391    i.__mathlib_dbl_underflow  m_wm.l(dunder.o)
    0x08004ed8   0x000000b8   Code   RO         3508    i.__mathlib_narrow  m_wm.l(narrow.o)
    0x08004f90   0x00000014   Code   RO         3749    i.__support_ldexp   m_wm.l(ldexp.o)
    0x08004fa4   0x0000000e   Code   RO         3185    i._is_digit         c_w.l(__printf_wp.o)
    0x08004fb2   0x00000002   Code   RO           18    i._sys_exit         uartpack.o
    0x08004fb4   0x00000014   Code   RO           19    i.fputc             uartpack.o
    0x08004fc8   0x0000008c   Code   RO         3684    i.frexp             m_wm.l(frexp.o)
    0x08005054   0x00000118   Code   RO          326    i.main              main.o
    0x0800516c   0x0000002c   Code   RO         3492    locale$$code        c_w.l(lc_numeric_c.o)
    0x08005198   0x0000002c   Code   RO         3731    locale$$code        c_w.l(lc_ctype_c.o)
    0x080051c4   0x00000062   Code   RO         3211    x$fpl$d2f           fz_wm.l(d2f.o)
    0x08005226   0x00000002   PAD
    0x08005228   0x00000010   Code   RO         3494    x$fpl$dcheck1       fz_wm.l(dcheck1.o)
    0x08005238   0x00000018   Code   RO         3364    x$fpl$dcmpinf       fz_wm.l(dcmpi.o)
    0x08005250   0x00000078   Code   RO         3678    x$fpl$deqf          fz_wm.l(deqf.o)
    0x080052c8   0x00000078   Code   RO         3233    x$fpl$dleqf         fz_wm.l(dleqf.o)
    0x08005340   0x00000154   Code   RO         3235    x$fpl$dmul          fz_wm.l(dmul.o)
    0x08005494   0x0000009c   Code   RO         3366    x$fpl$dnaninf       fz_wm.l(dnaninf.o)
    0x08005530   0x0000000c   Code   RO         3368    x$fpl$dretinf       fz_wm.l(dretinf.o)
    0x0800553c   0x0000006c   Code   RO         3237    x$fpl$drleqf        fz_wm.l(drleqf.o)
    0x080055a8   0x00000056   Code   RO         3239    x$fpl$f2d           fz_wm.l(f2d.o)
    0x080055fe   0x0000008c   Code   RO         3372    x$fpl$fnaninf       fz_wm.l(fnaninf.o)
    0x0800568a   0x0000000a   Code   RO         3743    x$fpl$fpinit        fz_wm.l(fpinit.o)
    0x08005694   0x0000000a   Code   RO         3374    x$fpl$fretinf       fz_wm.l(fretinf.o)
    0x0800569e   0x00000004   Code   RO         3241    x$fpl$printf1       fz_wm.l(printf1.o)
    0x080056a2   0x00000064   Code   RO         3680    x$fpl$retnan        fz_wm.l(retnan.o)
    0x08005706   0x0000005c   Code   RO         3382    x$fpl$scalbn        fz_wm.l(scalbn.o)
    0x08005762   0x00000004   Code   RO         3243    x$fpl$scanf1        fz_wm.l(scanf1.o)
    0x08005766   0x00000008   Code   RO         3501    x$fpl$scanf2        fz_wm.l(scanf2.o)
    0x0800576e   0x00000030   Code   RO         3745    x$fpl$trapveneer    fz_wm.l(trapv.o)
    0x0800579e   0x00000000   Code   RO         3384    x$fpl$usenofp       fz_wm.l(usenofp.o)
    0x0800579e   0x00000010   Data   RO         3130    .constdata          system_stm32f4xx.o
    0x080057ae   0x00000008   Data   RO         3131    .constdata          system_stm32f4xx.o
    0x080057b6   0x00000011   Data   RO         3193    .constdata          c_w.l(__printf_flags_ss_wp.o)
    0x080057c7   0x00000001   PAD
    0x080057c8   0x00000094   Data   RO         3457    .constdata          c_w.l(bigflt0.o)
    0x0800585c   0x00000004   Data   RO         3516    .constdata          c_w.l(sys_io.o)
    0x08005860   0x00000004   Data   RO         3517    .constdata          c_w.l(sys_io.o)
    0x08005864   0x00000004   Data   RO         3518    .constdata          c_w.l(sys_io.o)
    0x08005868   0x00000020   Data   RO         3830    Region$$Table       anon$$obj.o
    0x08005888   0x00000008   Data   RO         3496    c$$dinf             fz_wm.l(fpconst.o)
    0x08005890   0x0000001c   Data   RO         3491    locale$$data        c_w.l(lc_numeric_c.o)
    0x080058ac   0x00000110   Data   RO         3730    locale$$data        c_w.l(lc_ctype_c.o)


    Execution Region RW_IRAM1 (Base: 0x20000000, Size: 0x00000b00, Max: 0x00020000, ABSOLUTE)

    Base Addr    Size         Type   Attr      Idx    E Section Name        Object

    0x20000000   0x00000002   Data   RW          199    .data               pid.o
    0x20000002   0x00000002   PAD
    0x20000004   0x0000002c   Data   RW          249    .data               motor.o
    0x20000030   0x0000000c   Data   RW         2540    .data               stm32f4xx_hal.o
    0x2000003c   0x00000004   Data   RW         3132    .data               system_stm32f4xx.o
    0x20000040   0x00000004   Data   RW         3359    .data               c_w.l(stdio_streams.o)
    0x20000044   0x00000004   Data   RW         3360    .data               c_w.l(stdio_streams.o)
    0x20000048   0x00000004   Data   RW         3361    .data               c_w.l(stdio_streams.o)
    0x2000004c   0x000000e0   Zero   RW          248    .bss                motor.o
    0x2000012c   0x00000110   Zero   RW          327    .bss                main.o
    0x2000023c   0x00000120   Zero   RW          416    .bss                tim.o
    0x2000035c   0x00000044   Zero   RW          503    .bss                usart.o
    0x200003a0   0x00000054   Zero   RW         3356    .bss                c_w.l(stdio_streams.o)
    0x200003f4   0x00000054   Zero   RW         3357    .bss                c_w.l(stdio_streams.o)
    0x20000448   0x00000054   Zero   RW         3358    .bss                c_w.l(stdio_streams.o)
    0x2000049c   0x00000060   Zero   RW         3521    .bss                c_w.l(libspace.o)
    0x200004fc   0x00000004   PAD
    0x20000500   0x00000200   Zero   RW            2    HEAP                startup_stm32f407xx.o
    0x20000700   0x00000400   Zero   RW            1    STACK               startup_stm32f407xx.o


==============================================================================

Image component sizes


      Code (inc. data)   RO Data    RW Data    ZI Data      Debug   Object Name

       112         10          0          0          0        907   gpio.o
       462         74          0          0        272       3397   main.o
       896        168          0         44        224       4590   motor.o
       258         12          0          2          0       2532   pid.o
        64         26        392          0       1536        836   startup_stm32f407xx.o
       144         24          0         12          0       8697   stm32f4xx_hal.o
       198         14          0          0          0      33551   stm32f4xx_hal_cortex.o
       178          0          0          0          0       1951   stm32f4xx_hal_dma.o
       502         44          0          0          0       1992   stm32f4xx_hal_gpio.o
        52          4          0          0          0        854   stm32f4xx_hal_msp.o
      1348         76          0          0          0       4988   stm32f4xx_hal_rcc.o
      1992        136          0          0          0      13887   stm32f4xx_hal_tim.o
       232         28          0          0          0       3141   stm32f4xx_hal_tim_ex.o
      1232         16          0          0          0       7530   stm32f4xx_hal_uart.o
        84         28          0          0          0       6030   stm32f4xx_it.o
        16          4         24          4          0       1111   system_stm32f4xx.o
       920         94          0          0        288       6025   tim.o
       218          6          0          0          0     693605   uartpack.o
       180         22          0          0         68       1662   usart.o

    ----------------------------------------------------------------------
      9118        786        448         64       2388     797286   Object Totals
         0          0         32          0          0          0   (incl. Generated)
        30          0          0          2          0          0   (incl. Padding)

    ----------------------------------------------------------------------

      Code (inc. data)   RO Data    RW Data    ZI Data      Debug   Library Member Name

        60          8          0          0          0         84   __0sscanf.o
        24          4          0          0          0         84   __2printf.o
         8          0          0          0          0         68   __main.o
       392          4         17          0          0         92   __printf_flags_ss_wp.o
        14          0          0          0          0         68   __printf_wp.o
         0          0          0          0          0          0   __rtentry.o
        12          0          0          0          0          0   __rtentry2.o
         6          0          0          0          0          0   __rtentry4.o
        52          8          0          0          0          0   __scatter.o
        26          0          0          0          0          0   __scatter_copy.o
        28          0          0          0          0          0   __scatter_zi.o
        28          0          0          0          0         68   _chval.o
        48          6          0          0          0         96   _printf_char_common.o
        36          4          0          0          0         80   _printf_char_file.o
         6          0          0          0          0          0   _printf_f.o
      1050          0          0          0          0        216   _printf_fp_dec.o
       128         16          0          0          0         84   _printf_fp_infnan.o
         0          0          0          0          0          0   _printf_percent.o
         4          0          0          0          0          0   _printf_percent_end.o
        22          0          0          0          0        100   _rserrno.o
       884          6          0          0          0        100   _scanf.o
        64          0          0          0          0         84   _sgetc.o
         8          0          0          0          0         68   abs.o
       220          4        148          0          0         96   bigflt0.o
      2074        132          0          0          0        940   btod.o
        10          0          0          0          0         68   defsig_exit.o
        50          0          0          0          0         88   defsig_general.o
        80         58          0          0          0         76   defsig_rtmem_inner.o
        14          0          0          0          0         80   defsig_rtmem_outer.o
        52         38          0          0          0         76   defsig_rtred_inner.o
        14          0          0          0          0         80   defsig_rtred_outer.o
        12          0          0          0          0         72   exit.o
        76          0          0          0          0         88   fclose.o
         8          0          0          0          0         68   ferror.o
       236          4          0          0          0        128   fopen.o
       248          6          0          0          0         84   fseek.o
        66          0          0          0          0         76   ftell.o
        94          0          0          0          0         80   h1_alloc.o
        52          0          0          0          0         68   h1_extend.o
        78          0          0          0          0         80   h1_free.o
        14          0          0          0          0         84   h1_init.o
         6          0          0          0          0        152   heapauxi.o
         4          0          0          0          0        136   hguard.o
         0          0          0          0          0          0   indicate_semi.o
       138          0          0          0          0        168   init_alloc.o
       312         46          0          0          0        112   initio.o
        18          0          0          0          0         76   isspace.o
        44         10        272          0          0         76   lc_ctype_c.o
        44         10         28          0          0         76   lc_numeric_c.o
         2          0          0          0          0          0   libinit.o
        46          0          0          0          0          0   libinit2.o
         2          0          0          0          0          0   libshutdown.o
         6          0          0          0          0          0   libshutdown2.o
         8          4          0          0         96         68   libspace.o
        38          0          0          0          0         68   llshl.o
       138          0          0          0          0         80   lludiv10.o
       238          0          0          0          0        100   lludivv7m.o
         0          0          0          0          0          0   maybetermalloc1.o
        16          4          0          0          0         76   rt_ctype_table.o
         8          4          0          0          0         68   rt_errno_addr_intlibspace.o
         8          4          0          0          0         68   rt_heap_descriptor_intlibspace.o
         8          4          0          0          0         68   rt_locale_intlibspace.o
        78          0          0          0          0         80   rt_memclr_w.o
       138          0          0          0          0         68   rt_memcpy_v6.o
       100          0          0          0          0         80   rt_memcpy_w.o
         2          0          0          0          0          0   rtexit.o
        10          0          0          0          0          0   rtexit2.o
        44          8          0          0          0         84   scanf_char.o
      1188         12          0          0          0        148   scanf_fp.o
       792         14          0          0          0        100   scanf_hexfp.o
       308         16          0          0          0        100   scanf_infnan.o
        70          0          0          0          0         80   setvbuf.o
       240          6          0          0          0        156   stdio.o
         0          0          0         12        252          0   stdio_streams.o
       128          0          0          0          0         68   strcmpv7m.o
        62          0          0          0          0         76   strlen.o
       102          0         12          0          0        240   sys_io.o
        74          0          0          0          0         80   sys_stackheap_outer.o
        14          0          0          0          0         76   sys_wrch.o
         2          0          0          0          0         68   use_no_semi.o
        98          4          0          0          0        140   d2f.o
        16          4          0          0          0        116   dcheck1.o
        24          0          0          0          0        116   dcmpi.o
       120          4          0          0          0        140   deqf.o
       120          4          0          0          0        140   dleqf.o
       340         12          0          0          0        152   dmul.o
       156          4          0          0          0        140   dnaninf.o
        12          0          0          0          0        116   dretinf.o
       108          0          0          0          0        128   drleqf.o
        86          4          0          0          0        132   f2d.o
       140          4          0          0          0        132   fnaninf.o
         0          0          8          0          0          0   fpconst.o
        10          0          0          0          0        116   fpinit.o
        10          0          0          0          0        116   fretinf.o
         4          0          0          0          0        116   printf1.o
       100          0          0          0          0        116   retnan.o
        92          0          0          0          0        116   scalbn.o
         4          0          0          0          0        116   scanf1.o
         8          0          0          0          0        132   scanf2.o
        48          0          0          0          0        116   trapv.o
         0          0          0          0          0          0   usenofp.o
        64         16          0          0          0        248   dunder.o
        48          0          0          0          0        124   fpclassify.o
       140         22          0          0          0        132   frexp.o
       228          8          0          0          0        308   ldexp.o
       184         18          0          0          0        152   narrow.o

    ----------------------------------------------------------------------
     12920        544        486         12        352       9880   Library Totals
        26          0          1          0          4          0   (incl. Padding)

    ----------------------------------------------------------------------

      Code (inc. data)   RO Data    RW Data    ZI Data      Debug   Library Name

     10734        440        477         12        348       6520   c_w.l
      1496         40          8          0          0       2396   fz_wm.l
       664         64          0          0          0        964   m_wm.l

    ----------------------------------------------------------------------
     12920        544        486         12        352       9880   Library Totals

    ----------------------------------------------------------------------

==============================================================================


      Code (inc. data)   RO Data    RW Data    ZI Data      Debug   

     22038       1330        934         76       2740     792526   Grand Totals
     22038       1330        934         76       2740     792526   ELF Image Totals
     22038       1330        934         76          0          0   ROM Totals

==============================================================================

    Total RO  Size (Code + RO Data)                22972 (  22.43kB)
    Total RW  Size (RW Data + ZI Data)              2816 (   2.75kB)
    Total ROM Size (Code + RO Data + RW Data)      23048 (  22.51kB)

==============================================================================

